C:\Users\nicol\Documents\GitHub\Reactor\Reactor\Networking\Patches\ClientPatches.cs(6,26): error CS0234: O nome de tipo ou namespace "Utils" não existe no namespace "BepInEx.Unity.Mono" (você está sem uma referência de assembly?) [C:\Users\nicol\Documents\GitHub\Reactor\Reactor\Reactor.csproj]
C:\Users\nicol\Documents\GitHub\Reactor\Reactor\Networking\Patches\ClientPatches.cs(9,7): error CS0246: O nome do tipo ou do namespace "UnityInterop" não pode ser encontrado (está faltando uma diretiva using ou uma referência de assembly?) [C:\Users\nicol\Documents\GitHub\Reactor\Reactor\Reactor.csproj]
C:\Users\nicol\Documents\GitHub\Reactor\Reactor\Networking\Patches\ClientPatches.cs(10,7): error CS0246: O nome do tipo ou do namespace "UnityInterop" não pode ser encontrado (está faltando uma diretiva using ou uma referência de assembly?) [C:\Users\nicol\Documents\GitHub\Reactor\Reactor\Reactor.csproj]
C:\Users\nicol\Documents\GitHub\Reactor\Reactor\Networking\Rpc\CustomRpcManager.cs(7,7): error CS0246: O nome do tipo ou do namespace "UnityInterop" não pode ser encontrado (está faltando uma diretiva using ou uma referência de assembly?) [C:\Users\nicol\Documents\GitHub\Reactor\Reactor\Reactor.csproj]
C:\Users\nicol\Documents\GitHub\Reactor\Reactor\Networking\Rpc\UnsafeCustomRpc.cs(9,16): error CS0246: O nome do tipo ou do namespace "UnitySystem" não pode ser encontrado (está faltando uma diretiva using ou uma referência de assembly?) [C:\Users\nicol\Documents\GitHub\Reactor\Reactor\Reactor.csproj]
C:\Users\nicol\Documents\GitHub\Reactor\Reactor\Patches\Miscellaneous\CustomServersPatch.cs(6,7): error CS0246: O nome do tipo ou do namespace "Il2CppInterop" não pode ser encontrado (está faltando uma diretiva using ou uma referência de assembly?) [C:\Users\nicol\Documents\GitHub\Reactor\Reactor\Reactor.csproj]
C:\Users\nicol\Documents\GitHub\Reactor\Reactor\Utilities\Attributes\RegisterInIl2CppAttribute.cs(6,7): error CS0246: O nome do tipo ou do namespace "UnityInterop" não pode ser encontrado (está faltando uma diretiva using ou uma referência de assembly?) [C:\Users\nicol\Documents\GitHub\Reactor\Reactor\Reactor.csproj]
C:\Users\nicol\Documents\GitHub\Reactor\Reactor\Utilities\Coroutines.cs(5,26): error CS0234: O nome de tipo ou namespace "Utils" não existe no namespace "BepInEx.Unity.Mono" (você está sem uma referência de assembly?) [C:\Users\nicol\Documents\GitHub\Reactor\Reactor\Reactor.csproj]
C:\Users\nicol\Documents\GitHub\Reactor\Reactor\Utilities\Extensions\AssetBundleExtensions.cs(1,7): error CS0246: O nome do tipo ou do namespace "UnityInterop" não pode ser encontrado (está faltando uma diretiva using ou uma referência de assembly?) [C:\Users\nicol\Documents\GitHub\Reactor\Reactor\Reactor.csproj]
C:\Users\nicol\Documents\GitHub\Reactor\Reactor\Utilities\Extensions\ReflectionExtensions.cs(10,40): error CS0246: O nome do tipo ou do namespace "UnitySystem" não pode ser encontrado (está faltando uma diretiva using ou uma referência de assembly?) [C:\Users\nicol\Documents\GitHub\Reactor\Reactor\Reactor.csproj]
C:\Users\nicol\Documents\GitHub\Reactor\Reactor\Utilities\Extensions\ReflectionExtensions.cs(11,25): error CS0246: O nome do tipo ou do namespace "UnitySystem" não pode ser encontrado (está faltando uma diretiva using ou uma referência de assembly?) [C:\Users\nicol\Documents\GitHub\Reactor\Reactor\Reactor.csproj]
C:\Users\nicol\Documents\GitHub\Reactor\Reactor\Utilities\Extensions\ReflectionExtensions.cs(12,25): error CS0246: O nome do tipo ou do namespace "UnitySystem" não pode ser encontrado (está faltando uma diretiva using ou uma referência de assembly?) [C:\Users\nicol\Documents\GitHub\Reactor\Reactor\Reactor.csproj]
C:\Users\nicol\Documents\GitHub\Reactor\Reactor\Utilities\Extensions\ReflectionExtensions.cs(6,7): error CS0246: O nome do tipo ou do namespace "UnityInterop" não pode ser encontrado (está faltando uma diretiva using ou uma referência de assembly?) [C:\Users\nicol\Documents\GitHub\Reactor\Reactor\Reactor.csproj]
C:\Users\nicol\Documents\GitHub\Reactor\Reactor\Utilities\Extensions\ReflectionExtensions.cs(7,7): error CS0246: O nome do tipo ou do namespace "UnityInterop" não pode ser encontrado (está faltando uma diretiva using ou uma referência de assembly?) [C:\Users\nicol\Documents\GitHub\Reactor\Reactor\Reactor.csproj]
C:\Users\nicol\Documents\GitHub\Reactor\Reactor\Utilities\Extensions\ReflectionExtensions.cs(8,7): error CS0246: O nome do tipo ou do namespace "UnityInterop" não pode ser encontrado (está faltando uma diretiva using ou uma referência de assembly?) [C:\Users\nicol\Documents\GitHub\Reactor\Reactor\Reactor.csproj]
C:\Users\nicol\Documents\GitHub\Reactor\Reactor\Utilities\Extensions\ReflectionExtensions.cs(9,7): error CS0246: O nome do tipo ou do namespace "UnitySystem" não pode ser encontrado (está faltando uma diretiva using ou uma referência de assembly?) [C:\Users\nicol\Documents\GitHub\Reactor\Reactor\Reactor.csproj]
C:\Users\nicol\Documents\GitHub\Reactor\Reactor\Utilities\Extensions\StreamExtensions.cs(4,7): error CS0246: O nome do tipo ou do namespace "UnityInterop" não pode ser encontrado (está faltando uma diretiva using ou uma referência de assembly?) [C:\Users\nicol\Documents\GitHub\Reactor\Reactor\Reactor.csproj]
C:\Users\nicol\Documents\GitHub\Reactor\Reactor\Utilities\Extensions\StreamExtensions.cs(5,7): error CS0246: O nome do tipo ou do namespace "UnityInterop" não pode ser encontrado (está faltando uma diretiva using ou uma referência de assembly?) [C:\Users\nicol\Documents\GitHub\Reactor\Reactor\Reactor.csproj]
C:\Users\nicol\Documents\GitHub\Reactor\Reactor\Utilities\Il2CppEqualityComparer.cs(2,7): error CS0246: O nome do tipo ou do namespace "UnitySystem" não pode ser encontrado (está faltando uma diretiva using ou uma referência de assembly?) [C:\Users\nicol\Documents\GitHub\Reactor\Reactor\Reactor.csproj]
C:\Users\nicol\Documents\GitHub\Reactor\Reactor\Utilities\UI\ReactorPopup.cs(1,7): error CS0246: O nome do tipo ou do namespace "UnityInterop" não pode ser encontrado (está faltando uma diretiva using ou uma referência de assembly?) [C:\Users\nicol\Documents\GitHub\Reactor\Reactor\Reactor.csproj]
C:\Users\nicol\Documents\GitHub\Reactor\Reactor\Localization\LocalizationProvider.cs(44,69): error CS0246: O nome do tipo ou do namespace "UnityReferenceArray<>" não pode ser encontrado (está faltando uma diretiva using ou uma referência de assembly?) [C:\Users\nicol\Documents\GitHub\Reactor\Reactor\Reactor.csproj]
C:\Users\nicol\Documents\GitHub\Reactor\Reactor\Localization\LocalizationProvider.cs(44,89): error CS0246: O nome do tipo ou do namespace "UnitySystem" não pode ser encontrado (está faltando uma diretiva using ou uma referência de assembly?) [C:\Users\nicol\Documents\GitHub\Reactor\Reactor\Reactor.csproj]
C:\Users\nicol\Documents\GitHub\Reactor\Reactor\Localization\LocalizationManager.cs(45,70): error CS0246: O nome do tipo ou do namespace "UnityReferenceArray<>" não pode ser encontrado (está faltando uma diretiva using ou uma referência de assembly?) [C:\Users\nicol\Documents\GitHub\Reactor\Reactor\Reactor.csproj]
C:\Users\nicol\Documents\GitHub\Reactor\Reactor\Localization\LocalizationManager.cs(45,90): error CS0246: O nome do tipo ou do namespace "UnitySystem" não pode ser encontrado (está faltando uma diretiva using ou uma referência de assembly?) [C:\Users\nicol\Documents\GitHub\Reactor\Reactor\Reactor.csproj]
C:\Users\nicol\Documents\GitHub\Reactor\Reactor\Localization\Patches\GetStringPatch.cs(11,57): error CS0246: O nome do tipo ou do namespace "Array<>" não pode ser encontrado (está faltando uma diretiva using ou uma referência de assembly?) [C:\Users\nicol\Documents\GitHub\Reactor\Reactor\Reactor.csproj]
C:\Users\nicol\Documents\GitHub\Reactor\Reactor\Localization\Patches\GetStringPatch.cs(11,63): error CS0246: O nome do tipo ou do namespace "Object" não pode ser encontrado (está faltando uma diretiva using ou uma referência de assembly?) [C:\Users\nicol\Documents\GitHub\Reactor\Reactor\Reactor.csproj]
C:\Users\nicol\Documents\GitHub\Reactor\Reactor\Patches\Miscellaneous\CustomServersPatch.cs(51,35): error CS0246: O nome do tipo ou do namespace "Il2CppObjectBase" não pode ser encontrado (está faltando uma diretiva using ou uma referência de assembly?) [C:\Users\nicol\Documents\GitHub\Reactor\Reactor\Reactor.csproj]
C:\Users\nicol\Documents\GitHub\Reactor\Reactor\Patches\Miscellaneous\DisableServerAuthorityPatch.cs(13,55): error CS0117: "Constants" não contém uma definição para "GetBroadcastVersion" [C:\Users\nicol\Documents\GitHub\Reactor\Reactor\Reactor.csproj]
C:\Users\nicol\Documents\GitHub\Reactor\Reactor\Networking\Patches\ClientPatches.cs(43,35): error CS0246: O nome do tipo ou do namespace "UnityObjectBase" não pode ser encontrado (está faltando uma diretiva using ou uma referência de assembly?) [C:\Users\nicol\Documents\GitHub\Reactor\Reactor\Reactor.csproj]
C:\Users\nicol\Documents\GitHub\Reactor\Reactor\Patches\Miscellaneous\DisableServerAuthorityPatch.cs(29,55): error CS0117: "Constants" não contém uma definição para "IsVersionModded" [C:\Users\nicol\Documents\GitHub\Reactor\Reactor\Reactor.csproj]
C:\Users\nicol\Documents\GitHub\Reactor\Reactor\Localization\Patches\GetStringPatch.cs(8,119): error CS0246: O nome do tipo ou do namespace "UnityReferenceArray<>" não pode ser encontrado (está faltando uma diretiva using ou uma referência de assembly?) [C:\Users\nicol\Documents\GitHub\Reactor\Reactor\Reactor.csproj]
C:\Users\nicol\Documents\GitHub\Reactor\Reactor\Localization\Patches\GetStringPatch.cs(8,139): error CS0246: O nome do tipo ou do namespace "UnitySystem" não pode ser encontrado (está faltando uma diretiva using ou uma referência de assembly?) [C:\Users\nicol\Documents\GitHub\Reactor\Reactor\Reactor.csproj]
C:\Users\nicol\Documents\GitHub\Reactor\Reactor\Localization\Patches\GetStringPatch.cs(9,146): error CS0246: O nome do tipo ou do namespace "UnityReferenceArray<>" não pode ser encontrado (está faltando uma diretiva using ou uma referência de assembly?) [C:\Users\nicol\Documents\GitHub\Reactor\Reactor\Reactor.csproj]
C:\Users\nicol\Documents\GitHub\Reactor\Reactor\Localization\Patches\GetStringPatch.cs(9,166): error CS0246: O nome do tipo ou do namespace "UnitySystem" não pode ser encontrado (está faltando uma diretiva using ou uma referência de assembly?) [C:\Users\nicol\Documents\GitHub\Reactor\Reactor\Reactor.csproj]
C:\Users\nicol\Documents\GitHub\Reactor\Reactor\Networking\Patches\ClientPatches.cs(182,35): error CS0246: O nome do tipo ou do namespace "UnityObjectBase" não pode ser encontrado (está faltando uma diretiva using ou uma referência de assembly?) [C:\Users\nicol\Documents\GitHub\Reactor\Reactor\Reactor.csproj]
C:\Users\nicol\Documents\GitHub\Reactor\Reactor\Patches\Miscellaneous\PingTrackerPatch.cs(7,55): error CS0117: "PingTracker" não contém uma definição para "Update" [C:\Users\nicol\Documents\GitHub\Reactor\Reactor\Reactor.csproj]
C:\Users\nicol\Documents\GitHub\Reactor\Reactor\Patches\Miscellaneous\SplashSkipPatch.cs(8,63): error CS0117: "SplashManager" não contém uma definição para "Start" [C:\Users\nicol\Documents\GitHub\Reactor\Reactor\Reactor.csproj]
C:\Users\nicol\Documents\GitHub\Reactor\Reactor\Networking\Patches\ClientPatches.cs(238,36): error CS0246: O nome do tipo ou do namespace "UnityObjectBase" não pode ser encontrado (está faltando uma diretiva using ou uma referência de assembly?) [C:\Users\nicol\Documents\GitHub\Reactor\Reactor\Reactor.csproj]
C:\Users\nicol\Documents\GitHub\Reactor\Reactor\Utilities\AssetBundleManager.cs(102,101): error CS0246: O nome do tipo ou do namespace "UnityStructArray<>" não pode ser encontrado (está faltando uma diretiva using ou uma referência de assembly?) [C:\Users\nicol\Documents\GitHub\Reactor\Reactor\Reactor.csproj]
C:\Users\nicol\Documents\GitHub\Reactor\Reactor\Patches\Miscellaneous\SplashSkipPatch.cs(15,63): error CS0117: "SplashManager" não contém uma definição para "Update" [C:\Users\nicol\Documents\GitHub\Reactor\Reactor\Reactor.csproj]
C:\Users\nicol\Documents\GitHub\Reactor\Reactor\Networking\Patches\ClientPatches.cs(358,40): error CS0246: O nome do tipo ou do namespace "UnityStructArray<>" não pode ser encontrado (está faltando uma diretiva using ou uma referência de assembly?) [C:\Users\nicol\Documents\GitHub\Reactor\Reactor\Reactor.csproj]
C:\Users\nicol\Documents\GitHub\Reactor\Reactor\Networking\Patches\ClientPatches.cs(22,65): error CS0122: "InnerNetClient.DisconnectInternal(DisconnectReasons, string)" é inacessível devido ao seu nível de proteção [C:\Users\nicol\Documents\GitHub\Reactor\Reactor\Reactor.csproj]
C:\Users\nicol\Documents\GitHub\Reactor\Reactor\Patches\Fixes\ServerInfoFixesPatch.cs(21,63): error CS0117: "DnsRegionInfo" não contém uma definição para "PopulateServers" [C:\Users\nicol\Documents\GitHub\Reactor\Reactor\Reactor.csproj]
C:\Users\nicol\Documents\GitHub\Reactor\Reactor\Networking\Patches\ClientPatches.cs(265,77): error CS0122: "SpawnGameDataMessage.SerializeValues(MessageWriter)" é inacessível devido ao seu nível de proteção [C:\Users\nicol\Documents\GitHub\Reactor\Reactor\Reactor.csproj]
C:\Users\nicol\Documents\GitHub\Reactor\Reactor\Networking\Patches\ReactorClientData.cs(34,69): error CS0122: "InnerNetClient.DisconnectInternal(DisconnectReasons, string)" é inacessível devido ao seu nível de proteção [C:\Users\nicol\Documents\GitHub\Reactor\Reactor\Reactor.csproj]
C:\Users\nicol\Documents\GitHub\Reactor\Reactor\Networking\Patches\ClientPatches.cs(285,65): error CS0117: "InnerNetClient" não contém uma definição para "HandleMessage" [C:\Users\nicol\Documents\GitHub\Reactor\Reactor\Reactor.csproj]
C:\Users\nicol\Documents\GitHub\Reactor\Reactor\Networking\Patches\ReactorConnection.cs(44,65): error CS0122: "InnerNetClient.DisconnectInternal(DisconnectReasons, string)" é inacessível devido ao seu nível de proteção [C:\Users\nicol\Documents\GitHub\Reactor\Reactor\Reactor.csproj]
C:\Users\nicol\Documents\GitHub\Reactor\Reactor\Utilities\Il2CppEqualityComparer.cs(7,79): error CS0246: O nome do tipo ou do namespace "UnitySystem" não pode ser encontrado (está faltando uma diretiva using ou uma referência de assembly?) [C:\Users\nicol\Documents\GitHub\Reactor\Reactor\Reactor.csproj]
C:\Users\nicol\Documents\GitHub\Reactor\Reactor\Utilities\Extensions\Il2CppInteropExtensions.cs(16,49): error CS0246: O nome do tipo ou do namespace "UnityStructArray<>" não pode ser encontrado (está faltando uma diretiva using ou uma referência de assembly?) [C:\Users\nicol\Documents\GitHub\Reactor\Reactor\Reactor.csproj]
C:\Users\nicol\Documents\GitHub\Reactor\Reactor\Networking\Patches\ClientPatches.cs(346,65): error CS0117: "InnerNetClient" não contém uma definição para "GetConnectionData" [C:\Users\nicol\Documents\GitHub\Reactor\Reactor\Reactor.csproj]
C:\Users\nicol\Documents\GitHub\Reactor\Reactor\Utilities\Il2CppEqualityComparer.cs(9,46): error CS0314: O tipo "T" não pode ser usado como parâmetro de tipo "T" no tipo ou método genérico "UnityEqualityComparer<T>". Não há conversão boxing ou conversão de parâmetro de tipo de "T" em "UnitySystem.Object". [C:\Users\nicol\Documents\GitHub\Reactor\Reactor\Reactor.csproj]
C:\Users\nicol\Documents\GitHub\Reactor\Reactor\Utilities\Il2CppEqualityComparer.cs(14,44): error CS0314: O tipo "T" não pode ser usado como parâmetro de tipo "T" no tipo ou método genérico "UnityEqualityComparer<T>". Não há conversão boxing ou conversão de parâmetro de tipo de "T" em "UnitySystem.Object". [C:\Users\nicol\Documents\GitHub\Reactor\Reactor\Reactor.csproj]
C:\Users\nicol\Documents\GitHub\Reactor\Reactor\Utilities\Extensions\StreamExtensions.cs(19,34): error CS0246: O nome do tipo ou do namespace "UnitySystem" não pode ser encontrado (está faltando uma diretiva using ou uma referência de assembly?) [C:\Users\nicol\Documents\GitHub\Reactor\Reactor\Reactor.csproj]
C:\Users\nicol\Documents\GitHub\Reactor\Reactor\Utilities\UI\ReactorPopup.cs(14,22): error CS0246: O nome do tipo ou do namespace "UnitySystem" não pode ser encontrado (está faltando uma diretiva using ou uma referência de assembly?) [C:\Users\nicol\Documents\GitHub\Reactor\Reactor\Reactor.csproj]
C:\Users\nicol\Documents\GitHub\Reactor\Reactor\Utilities\UI\ReactorPopup.cs(14,59): error CS0122: "SelectableHyperLink" é inacessível devido ao seu nível de proteção [C:\Users\nicol\Documents\GitHub\Reactor\Reactor\Reactor.csproj]
C:\Users\nicol\Documents\GitHub\Reactor\Reactor\Utilities\Extensions\StreamExtensions.cs(38,50): error CS0246: O nome do tipo ou do namespace "UnityStructArray<>" não pode ser encontrado (está faltando uma diretiva using ou uma referência de assembly?) [C:\Users\nicol\Documents\GitHub\Reactor\Reactor\Reactor.csproj]
C:\Users\nicol\Documents\GitHub\Reactor\Reactor\Utilities\Extensions\StreamExtensions.cs(45,34): error CS0246: O nome do tipo ou do namespace "UnityStructArray<>" não pode ser encontrado (está faltando uma diretiva using ou uma referência de assembly?) [C:\Users\nicol\Documents\GitHub\Reactor\Reactor\Reactor.csproj]
C:\Users\nicol\Documents\GitHub\Reactor\Reactor\Utilities\Extensions\StreamExtensions.cs(51,36): error CS0246: O nome do tipo ou do namespace "UnityStructArray<>" não pode ser encontrado (está faltando uma diretiva using ou uma referência de assembly?) [C:\Users\nicol\Documents\GitHub\Reactor\Reactor\Reactor.csproj]
C:\Users\nicol\Documents\GitHub\Reactor\Reactor\Utilities\Extensions\StreamExtensions.cs(75,48): error CS0246: O nome do tipo ou do namespace "UnitySystem" não pode ser encontrado (está faltando uma diretiva using ou uma referência de assembly?) [C:\Users\nicol\Documents\GitHub\Reactor\Reactor\Reactor.csproj]

FALHA da compilação.

C:\Users\nicol\Documents\GitHub\Reactor\Reactor\Networking\Patches\ClientPatches.cs(6,26): error CS0234: O nome de tipo ou namespace "Utils" não existe no namespace "BepInEx.Unity.Mono" (você está sem uma referência de assembly?) [C:\Users\nicol\Documents\GitHub\Reactor\Reactor\Reactor.csproj]
C:\Users\nicol\Documents\GitHub\Reactor\Reactor\Networking\Patches\ClientPatches.cs(9,7): error CS0246: O nome do tipo ou do namespace "UnityInterop" não pode ser encontrado (está faltando uma diretiva using ou uma referência de assembly?) [C:\Users\nicol\Documents\GitHub\Reactor\Reactor\Reactor.csproj]
C:\Users\nicol\Documents\GitHub\Reactor\Reactor\Networking\Patches\ClientPatches.cs(10,7): error CS0246: O nome do tipo ou do namespace "UnityInterop" não pode ser encontrado (está faltando uma diretiva using ou uma referência de assembly?) [C:\Users\nicol\Documents\GitHub\Reactor\Reactor\Reactor.csproj]
C:\Users\nicol\Documents\GitHub\Reactor\Reactor\Networking\Rpc\CustomRpcManager.cs(7,7): error CS0246: O nome do tipo ou do namespace "UnityInterop" não pode ser encontrado (está faltando uma diretiva using ou uma referência de assembly?) [C:\Users\nicol\Documents\GitHub\Reactor\Reactor\Reactor.csproj]
C:\Users\nicol\Documents\GitHub\Reactor\Reactor\Networking\Rpc\UnsafeCustomRpc.cs(9,16): error CS0246: O nome do tipo ou do namespace "UnitySystem" não pode ser encontrado (está faltando uma diretiva using ou uma referência de assembly?) [C:\Users\nicol\Documents\GitHub\Reactor\Reactor\Reactor.csproj]
C:\Users\nicol\Documents\GitHub\Reactor\Reactor\Patches\Miscellaneous\CustomServersPatch.cs(6,7): error CS0246: O nome do tipo ou do namespace "Il2CppInterop" não pode ser encontrado (está faltando uma diretiva using ou uma referência de assembly?) [C:\Users\nicol\Documents\GitHub\Reactor\Reactor\Reactor.csproj]
C:\Users\nicol\Documents\GitHub\Reactor\Reactor\Utilities\Attributes\RegisterInIl2CppAttribute.cs(6,7): error CS0246: O nome do tipo ou do namespace "UnityInterop" não pode ser encontrado (está faltando uma diretiva using ou uma referência de assembly?) [C:\Users\nicol\Documents\GitHub\Reactor\Reactor\Reactor.csproj]
C:\Users\nicol\Documents\GitHub\Reactor\Reactor\Utilities\Coroutines.cs(5,26): error CS0234: O nome de tipo ou namespace "Utils" não existe no namespace "BepInEx.Unity.Mono" (você está sem uma referência de assembly?) [C:\Users\nicol\Documents\GitHub\Reactor\Reactor\Reactor.csproj]
C:\Users\nicol\Documents\GitHub\Reactor\Reactor\Utilities\Extensions\AssetBundleExtensions.cs(1,7): error CS0246: O nome do tipo ou do namespace "UnityInterop" não pode ser encontrado (está faltando uma diretiva using ou uma referência de assembly?) [C:\Users\nicol\Documents\GitHub\Reactor\Reactor\Reactor.csproj]
C:\Users\nicol\Documents\GitHub\Reactor\Reactor\Utilities\Extensions\ReflectionExtensions.cs(10,40): error CS0246: O nome do tipo ou do namespace "UnitySystem" não pode ser encontrado (está faltando uma diretiva using ou uma referência de assembly?) [C:\Users\nicol\Documents\GitHub\Reactor\Reactor\Reactor.csproj]
C:\Users\nicol\Documents\GitHub\Reactor\Reactor\Utilities\Extensions\ReflectionExtensions.cs(11,25): error CS0246: O nome do tipo ou do namespace "UnitySystem" não pode ser encontrado (está faltando uma diretiva using ou uma referência de assembly?) [C:\Users\nicol\Documents\GitHub\Reactor\Reactor\Reactor.csproj]
C:\Users\nicol\Documents\GitHub\Reactor\Reactor\Utilities\Extensions\ReflectionExtensions.cs(12,25): error CS0246: O nome do tipo ou do namespace "UnitySystem" não pode ser encontrado (está faltando uma diretiva using ou uma referência de assembly?) [C:\Users\nicol\Documents\GitHub\Reactor\Reactor\Reactor.csproj]
C:\Users\nicol\Documents\GitHub\Reactor\Reactor\Utilities\Extensions\ReflectionExtensions.cs(6,7): error CS0246: O nome do tipo ou do namespace "UnityInterop" não pode ser encontrado (está faltando uma diretiva using ou uma referência de assembly?) [C:\Users\nicol\Documents\GitHub\Reactor\Reactor\Reactor.csproj]
C:\Users\nicol\Documents\GitHub\Reactor\Reactor\Utilities\Extensions\ReflectionExtensions.cs(7,7): error CS0246: O nome do tipo ou do namespace "UnityInterop" não pode ser encontrado (está faltando uma diretiva using ou uma referência de assembly?) [C:\Users\nicol\Documents\GitHub\Reactor\Reactor\Reactor.csproj]
C:\Users\nicol\Documents\GitHub\Reactor\Reactor\Utilities\Extensions\ReflectionExtensions.cs(8,7): error CS0246: O nome do tipo ou do namespace "UnityInterop" não pode ser encontrado (está faltando uma diretiva using ou uma referência de assembly?) [C:\Users\nicol\Documents\GitHub\Reactor\Reactor\Reactor.csproj]
C:\Users\nicol\Documents\GitHub\Reactor\Reactor\Utilities\Extensions\ReflectionExtensions.cs(9,7): error CS0246: O nome do tipo ou do namespace "UnitySystem" não pode ser encontrado (está faltando uma diretiva using ou uma referência de assembly?) [C:\Users\nicol\Documents\GitHub\Reactor\Reactor\Reactor.csproj]
C:\Users\nicol\Documents\GitHub\Reactor\Reactor\Utilities\Extensions\StreamExtensions.cs(4,7): error CS0246: O nome do tipo ou do namespace "UnityInterop" não pode ser encontrado (está faltando uma diretiva using ou uma referência de assembly?) [C:\Users\nicol\Documents\GitHub\Reactor\Reactor\Reactor.csproj]
C:\Users\nicol\Documents\GitHub\Reactor\Reactor\Utilities\Extensions\StreamExtensions.cs(5,7): error CS0246: O nome do tipo ou do namespace "UnityInterop" não pode ser encontrado (está faltando uma diretiva using ou uma referência de assembly?) [C:\Users\nicol\Documents\GitHub\Reactor\Reactor\Reactor.csproj]
C:\Users\nicol\Documents\GitHub\Reactor\Reactor\Utilities\Il2CppEqualityComparer.cs(2,7): error CS0246: O nome do tipo ou do namespace "UnitySystem" não pode ser encontrado (está faltando uma diretiva using ou uma referência de assembly?) [C:\Users\nicol\Documents\GitHub\Reactor\Reactor\Reactor.csproj]
C:\Users\nicol\Documents\GitHub\Reactor\Reactor\Utilities\UI\ReactorPopup.cs(1,7): error CS0246: O nome do tipo ou do namespace "UnityInterop" não pode ser encontrado (está faltando uma diretiva using ou uma referência de assembly?) [C:\Users\nicol\Documents\GitHub\Reactor\Reactor\Reactor.csproj]
C:\Users\nicol\Documents\GitHub\Reactor\Reactor\Localization\LocalizationProvider.cs(44,69): error CS0246: O nome do tipo ou do namespace "UnityReferenceArray<>" não pode ser encontrado (está faltando uma diretiva using ou uma referência de assembly?) [C:\Users\nicol\Documents\GitHub\Reactor\Reactor\Reactor.csproj]
C:\Users\nicol\Documents\GitHub\Reactor\Reactor\Localization\LocalizationProvider.cs(44,89): error CS0246: O nome do tipo ou do namespace "UnitySystem" não pode ser encontrado (está faltando uma diretiva using ou uma referência de assembly?) [C:\Users\nicol\Documents\GitHub\Reactor\Reactor\Reactor.csproj]
C:\Users\nicol\Documents\GitHub\Reactor\Reactor\Localization\LocalizationManager.cs(45,70): error CS0246: O nome do tipo ou do namespace "UnityReferenceArray<>" não pode ser encontrado (está faltando uma diretiva using ou uma referência de assembly?) [C:\Users\nicol\Documents\GitHub\Reactor\Reactor\Reactor.csproj]
C:\Users\nicol\Documents\GitHub\Reactor\Reactor\Localization\LocalizationManager.cs(45,90): error CS0246: O nome do tipo ou do namespace "UnitySystem" não pode ser encontrado (está faltando uma diretiva using ou uma referência de assembly?) [C:\Users\nicol\Documents\GitHub\Reactor\Reactor\Reactor.csproj]
C:\Users\nicol\Documents\GitHub\Reactor\Reactor\Localization\Patches\GetStringPatch.cs(11,57): error CS0246: O nome do tipo ou do namespace "Array<>" não pode ser encontrado (está faltando uma diretiva using ou uma referência de assembly?) [C:\Users\nicol\Documents\GitHub\Reactor\Reactor\Reactor.csproj]
C:\Users\nicol\Documents\GitHub\Reactor\Reactor\Localization\Patches\GetStringPatch.cs(11,63): error CS0246: O nome do tipo ou do namespace "Object" não pode ser encontrado (está faltando uma diretiva using ou uma referência de assembly?) [C:\Users\nicol\Documents\GitHub\Reactor\Reactor\Reactor.csproj]
C:\Users\nicol\Documents\GitHub\Reactor\Reactor\Patches\Miscellaneous\CustomServersPatch.cs(51,35): error CS0246: O nome do tipo ou do namespace "Il2CppObjectBase" não pode ser encontrado (está faltando uma diretiva using ou uma referência de assembly?) [C:\Users\nicol\Documents\GitHub\Reactor\Reactor\Reactor.csproj]
C:\Users\nicol\Documents\GitHub\Reactor\Reactor\Patches\Miscellaneous\DisableServerAuthorityPatch.cs(13,55): error CS0117: "Constants" não contém uma definição para "GetBroadcastVersion" [C:\Users\nicol\Documents\GitHub\Reactor\Reactor\Reactor.csproj]
C:\Users\nicol\Documents\GitHub\Reactor\Reactor\Networking\Patches\ClientPatches.cs(43,35): error CS0246: O nome do tipo ou do namespace "UnityObjectBase" não pode ser encontrado (está faltando uma diretiva using ou uma referência de assembly?) [C:\Users\nicol\Documents\GitHub\Reactor\Reactor\Reactor.csproj]
C:\Users\nicol\Documents\GitHub\Reactor\Reactor\Patches\Miscellaneous\DisableServerAuthorityPatch.cs(29,55): error CS0117: "Constants" não contém uma definição para "IsVersionModded" [C:\Users\nicol\Documents\GitHub\Reactor\Reactor\Reactor.csproj]
C:\Users\nicol\Documents\GitHub\Reactor\Reactor\Localization\Patches\GetStringPatch.cs(8,119): error CS0246: O nome do tipo ou do namespace "UnityReferenceArray<>" não pode ser encontrado (está faltando uma diretiva using ou uma referência de assembly?) [C:\Users\nicol\Documents\GitHub\Reactor\Reactor\Reactor.csproj]
C:\Users\nicol\Documents\GitHub\Reactor\Reactor\Localization\Patches\GetStringPatch.cs(8,139): error CS0246: O nome do tipo ou do namespace "UnitySystem" não pode ser encontrado (está faltando uma diretiva using ou uma referência de assembly?) [C:\Users\nicol\Documents\GitHub\Reactor\Reactor\Reactor.csproj]
C:\Users\nicol\Documents\GitHub\Reactor\Reactor\Localization\Patches\GetStringPatch.cs(9,146): error CS0246: O nome do tipo ou do namespace "UnityReferenceArray<>" não pode ser encontrado (está faltando uma diretiva using ou uma referência de assembly?) [C:\Users\nicol\Documents\GitHub\Reactor\Reactor\Reactor.csproj]
C:\Users\nicol\Documents\GitHub\Reactor\Reactor\Localization\Patches\GetStringPatch.cs(9,166): error CS0246: O nome do tipo ou do namespace "UnitySystem" não pode ser encontrado (está faltando uma diretiva using ou uma referência de assembly?) [C:\Users\nicol\Documents\GitHub\Reactor\Reactor\Reactor.csproj]
C:\Users\nicol\Documents\GitHub\Reactor\Reactor\Networking\Patches\ClientPatches.cs(182,35): error CS0246: O nome do tipo ou do namespace "UnityObjectBase" não pode ser encontrado (está faltando uma diretiva using ou uma referência de assembly?) [C:\Users\nicol\Documents\GitHub\Reactor\Reactor\Reactor.csproj]
C:\Users\nicol\Documents\GitHub\Reactor\Reactor\Patches\Miscellaneous\PingTrackerPatch.cs(7,55): error CS0117: "PingTracker" não contém uma definição para "Update" [C:\Users\nicol\Documents\GitHub\Reactor\Reactor\Reactor.csproj]
C:\Users\nicol\Documents\GitHub\Reactor\Reactor\Patches\Miscellaneous\SplashSkipPatch.cs(8,63): error CS0117: "SplashManager" não contém uma definição para "Start" [C:\Users\nicol\Documents\GitHub\Reactor\Reactor\Reactor.csproj]
C:\Users\nicol\Documents\GitHub\Reactor\Reactor\Networking\Patches\ClientPatches.cs(238,36): error CS0246: O nome do tipo ou do namespace "UnityObjectBase" não pode ser encontrado (está faltando uma diretiva using ou uma referência de assembly?) [C:\Users\nicol\Documents\GitHub\Reactor\Reactor\Reactor.csproj]
C:\Users\nicol\Documents\GitHub\Reactor\Reactor\Utilities\AssetBundleManager.cs(102,101): error CS0246: O nome do tipo ou do namespace "UnityStructArray<>" não pode ser encontrado (está faltando uma diretiva using ou uma referência de assembly?) [C:\Users\nicol\Documents\GitHub\Reactor\Reactor\Reactor.csproj]
C:\Users\nicol\Documents\GitHub\Reactor\Reactor\Patches\Miscellaneous\SplashSkipPatch.cs(15,63): error CS0117: "SplashManager" não contém uma definição para "Update" [C:\Users\nicol\Documents\GitHub\Reactor\Reactor\Reactor.csproj]
C:\Users\nicol\Documents\GitHub\Reactor\Reactor\Networking\Patches\ClientPatches.cs(358,40): error CS0246: O nome do tipo ou do namespace "UnityStructArray<>" não pode ser encontrado (está faltando uma diretiva using ou uma referência de assembly?) [C:\Users\nicol\Documents\GitHub\Reactor\Reactor\Reactor.csproj]
C:\Users\nicol\Documents\GitHub\Reactor\Reactor\Networking\Patches\ClientPatches.cs(22,65): error CS0122: "InnerNetClient.DisconnectInternal(DisconnectReasons, string)" é inacessível devido ao seu nível de proteção [C:\Users\nicol\Documents\GitHub\Reactor\Reactor\Reactor.csproj]
C:\Users\nicol\Documents\GitHub\Reactor\Reactor\Patches\Fixes\ServerInfoFixesPatch.cs(21,63): error CS0117: "DnsRegionInfo" não contém uma definição para "PopulateServers" [C:\Users\nicol\Documents\GitHub\Reactor\Reactor\Reactor.csproj]
C:\Users\nicol\Documents\GitHub\Reactor\Reactor\Networking\Patches\ClientPatches.cs(265,77): error CS0122: "SpawnGameDataMessage.SerializeValues(MessageWriter)" é inacessível devido ao seu nível de proteção [C:\Users\nicol\Documents\GitHub\Reactor\Reactor\Reactor.csproj]
C:\Users\nicol\Documents\GitHub\Reactor\Reactor\Networking\Patches\ReactorClientData.cs(34,69): error CS0122: "InnerNetClient.DisconnectInternal(DisconnectReasons, string)" é inacessível devido ao seu nível de proteção [C:\Users\nicol\Documents\GitHub\Reactor\Reactor\Reactor.csproj]
C:\Users\nicol\Documents\GitHub\Reactor\Reactor\Networking\Patches\ClientPatches.cs(285,65): error CS0117: "InnerNetClient" não contém uma definição para "HandleMessage" [C:\Users\nicol\Documents\GitHub\Reactor\Reactor\Reactor.csproj]
C:\Users\nicol\Documents\GitHub\Reactor\Reactor\Networking\Patches\ReactorConnection.cs(44,65): error CS0122: "InnerNetClient.DisconnectInternal(DisconnectReasons, string)" é inacessível devido ao seu nível de proteção [C:\Users\nicol\Documents\GitHub\Reactor\Reactor\Reactor.csproj]
C:\Users\nicol\Documents\GitHub\Reactor\Reactor\Utilities\Il2CppEqualityComparer.cs(7,79): error CS0246: O nome do tipo ou do namespace "UnitySystem" não pode ser encontrado (está faltando uma diretiva using ou uma referência de assembly?) [C:\Users\nicol\Documents\GitHub\Reactor\Reactor\Reactor.csproj]
C:\Users\nicol\Documents\GitHub\Reactor\Reactor\Utilities\Extensions\Il2CppInteropExtensions.cs(16,49): error CS0246: O nome do tipo ou do namespace "UnityStructArray<>" não pode ser encontrado (está faltando uma diretiva using ou uma referência de assembly?) [C:\Users\nicol\Documents\GitHub\Reactor\Reactor\Reactor.csproj]
C:\Users\nicol\Documents\GitHub\Reactor\Reactor\Networking\Patches\ClientPatches.cs(346,65): error CS0117: "InnerNetClient" não contém uma definição para "GetConnectionData" [C:\Users\nicol\Documents\GitHub\Reactor\Reactor\Reactor.csproj]
C:\Users\nicol\Documents\GitHub\Reactor\Reactor\Utilities\Il2CppEqualityComparer.cs(9,46): error CS0314: O tipo "T" não pode ser usado como parâmetro de tipo "T" no tipo ou método genérico "UnityEqualityComparer<T>". Não há conversão boxing ou conversão de parâmetro de tipo de "T" em "UnitySystem.Object". [C:\Users\nicol\Documents\GitHub\Reactor\Reactor\Reactor.csproj]
C:\Users\nicol\Documents\GitHub\Reactor\Reactor\Utilities\Il2CppEqualityComparer.cs(14,44): error CS0314: O tipo "T" não pode ser usado como parâmetro de tipo "T" no tipo ou método genérico "UnityEqualityComparer<T>". Não há conversão boxing ou conversão de parâmetro de tipo de "T" em "UnitySystem.Object". [C:\Users\nicol\Documents\GitHub\Reactor\Reactor\Reactor.csproj]
C:\Users\nicol\Documents\GitHub\Reactor\Reactor\Utilities\Extensions\StreamExtensions.cs(19,34): error CS0246: O nome do tipo ou do namespace "UnitySystem" não pode ser encontrado (está faltando uma diretiva using ou uma referência de assembly?) [C:\Users\nicol\Documents\GitHub\Reactor\Reactor\Reactor.csproj]
C:\Users\nicol\Documents\GitHub\Reactor\Reactor\Utilities\UI\ReactorPopup.cs(14,22): error CS0246: O nome do tipo ou do namespace "UnitySystem" não pode ser encontrado (está faltando uma diretiva using ou uma referência de assembly?) [C:\Users\nicol\Documents\GitHub\Reactor\Reactor\Reactor.csproj]
C:\Users\nicol\Documents\GitHub\Reactor\Reactor\Utilities\UI\ReactorPopup.cs(14,59): error CS0122: "SelectableHyperLink" é inacessível devido ao seu nível de proteção [C:\Users\nicol\Documents\GitHub\Reactor\Reactor\Reactor.csproj]
C:\Users\nicol\Documents\GitHub\Reactor\Reactor\Utilities\Extensions\StreamExtensions.cs(38,50): error CS0246: O nome do tipo ou do namespace "UnityStructArray<>" não pode ser encontrado (está faltando uma diretiva using ou uma referência de assembly?) [C:\Users\nicol\Documents\GitHub\Reactor\Reactor\Reactor.csproj]
C:\Users\nicol\Documents\GitHub\Reactor\Reactor\Utilities\Extensions\StreamExtensions.cs(45,34): error CS0246: O nome do tipo ou do namespace "UnityStructArray<>" não pode ser encontrado (está faltando uma diretiva using ou uma referência de assembly?) [C:\Users\nicol\Documents\GitHub\Reactor\Reactor\Reactor.csproj]
C:\Users\nicol\Documents\GitHub\Reactor\Reactor\Utilities\Extensions\StreamExtensions.cs(51,36): error CS0246: O nome do tipo ou do namespace "UnityStructArray<>" não pode ser encontrado (está faltando uma diretiva using ou uma referência de assembly?) [C:\Users\nicol\Documents\GitHub\Reactor\Reactor\Reactor.csproj]
C:\Users\nicol\Documents\GitHub\Reactor\Reactor\Utilities\Extensions\StreamExtensions.cs(75,48): error CS0246: O nome do tipo ou do namespace "UnitySystem" não pode ser encontrado (está faltando uma diretiva using ou uma referência de assembly?) [C:\Users\nicol\Documents\GitHub\Reactor\Reactor\Reactor.csproj]
    0 Aviso(s)
    59 Erro(s)

Tempo Decorrido 00:00:01.47
