C:\Users\nicol\Documents\GitHub\Reactor\Reactor\Localization\LocalizationProvider.cs(48,32): warning CS8604: Possível argumento de referência nula para o parâmetro 'format' em 'string string.Format(string format, params object?[] args)'. [C:\Users\nicol\Documents\GitHub\Reactor\Reactor\Reactor.csproj]
C:\Users\nicol\Documents\GitHub\Reactor\Reactor\ReactorPlugin.cs(35,35): warning CS8618: O campo não anulável 'LogSource' precisa conter um valor não nulo ao sair do construtor. Considere adicionar o modificador "obrigatório" ou declarar o campo como anulável. [C:\Users\nicol\Documents\GitHub\Reactor\Reactor\Reactor.csproj]
C:\Users\nicol\Documents\GitHub\Reactor\Reactor\Networking\Patches\HttpPatches.cs(118,17): warning CS0618: "Transform.FindChild(string)" é obsoleto: "FindChild has been deprecated. Use Find instead (UnityUpgradable) -> Find([mscorlib] System.String)" [C:\Users\nicol\Documents\GitHub\Reactor\Reactor\Reactor.csproj]
C:\Users\nicol\Documents\GitHub\Reactor\Reactor\ReactorPlugin.cs(35,35): warning CS1591: Comentário XML ausente para tipo publicamente visível ou membro "ReactorPlugin.LogSource" [C:\Users\nicol\Documents\GitHub\Reactor\Reactor\Reactor.csproj]
C:\Users\nicol\Documents\GitHub\Reactor\Reactor\Utilities\Attributes\RegisterInIl2CppAttribute.cs(7,60): warning CS1574: O comentário XML tem atributo cref "RegisterTypeInUnity{T}()" que não pode ser resolvido [C:\Users\nicol\Documents\GitHub\Reactor\Reactor\Reactor.csproj]
C:\Users\nicol\Documents\GitHub\Reactor\Reactor\ReactorPlugin.cs(35,35): warning CA2211: Campos não constantes não devem ser visíveis (https://learn.microsoft.com/dotnet/fundamentals/code-analysis/quality-rules/ca2211) [C:\Users\nicol\Documents\GitHub\Reactor\Reactor\Reactor.csproj]
C:\Users\nicol\Documents\GitHub\Reactor\Reactor\ReactorPlugin.cs(35,35): warning SA1401: Field should be private (https://github.com/DotNetAnalyzers/StyleCopAnalyzers/blob/master/documentation/SA1401.md) [C:\Users\nicol\Documents\GitHub\Reactor\Reactor\Reactor.csproj]
C:\Users\nicol\Documents\GitHub\Reactor\Reactor\Localization\LocalizationProvider.cs(48,18): warning CA1305: O comportamento de 'string.Format(string, params object[])' pode variar dependendo das configurações de localidade do usuário atual. Substitua esta chamada em 'LocalizationProvider.TryGetTextFormatted(StringNames, object[], out string)' por uma chamada para 'string.Format(IFormatProvider, string, params object[])'. (https://learn.microsoft.com/dotnet/fundamentals/code-analysis/quality-rules/ca1305) [C:\Users\nicol\Documents\GitHub\Reactor\Reactor\Reactor.csproj]
C:\Users\nicol\Documents\GitHub\Reactor\Reactor\Utilities\Dispatcher.cs(41,1): warning SA1506: Element documentation headers should not be followed by blank line (https://github.com/DotNetAnalyzers/StyleCopAnalyzers/blob/master/documentation/SA1506.md) [C:\Users\nicol\Documents\GitHub\Reactor\Reactor\Reactor.csproj]
C:\Users\nicol\Documents\GitHub\Reactor\Reactor\Utilities\Il2CppCompilerGeneratedObjectWrapper.cs(33,9): warning SA1642: Constructor summary documentation should begin with standard text (https://github.com/DotNetAnalyzers/StyleCopAnalyzers/blob/master/documentation/SA1642.md) [C:\Users\nicol\Documents\GitHub\Reactor\Reactor\Reactor.csproj]
C:\Users\nicol\Documents\GitHub\Reactor\Reactor\Utilities\Extensions\StreamExtensions.cs(14,46): warning SA1611: The documentation for parameter 'stream' is missing (https://github.com/DotNetAnalyzers/StyleCopAnalyzers/blob/master/documentation/SA1611.md) [C:\Users\nicol\Documents\GitHub\Reactor\Reactor\Reactor.csproj]
C:\Users\nicol\Documents\GitHub\Reactor\Reactor\Utilities\Extensions\StreamExtensions.cs(14,19): warning SA1615: Element return value should be documented (https://github.com/DotNetAnalyzers/StyleCopAnalyzers/blob/master/documentation/SA1615.md) [C:\Users\nicol\Documents\GitHub\Reactor\Reactor\Reactor.csproj]
C:\Users\nicol\Documents\GitHub\Reactor\Reactor\Networking\Attributes\MessageConverterAttribute.cs(4,1): warning IDE0005: O uso da diretiva é desnecessário. (https://learn.microsoft.com/dotnet/fundamentals/code-analysis/style-rules/ide0005) [C:\Users\nicol\Documents\GitHub\Reactor\Reactor\Reactor.csproj]
C:\Users\nicol\Documents\GitHub\Reactor\Reactor\ReactorPlugin.cs(18,1): warning IDE0005: O uso da diretiva é desnecessário. (https://learn.microsoft.com/dotnet/fundamentals/code-analysis/style-rules/ide0005) [C:\Users\nicol\Documents\GitHub\Reactor\Reactor\Reactor.csproj]
C:\Users\nicol\Documents\GitHub\Reactor\Reactor\Patches\ReactorVersionShower.cs(3,1): warning IDE0005: O uso da diretiva é desnecessário. (https://learn.microsoft.com/dotnet/fundamentals/code-analysis/style-rules/ide0005) [C:\Users\nicol\Documents\GitHub\Reactor\Reactor\Reactor.csproj]
C:\Users\nicol\Documents\GitHub\Reactor\Reactor\Utilities\Coroutines.cs(1,1): warning IDE0005: O uso da diretiva é desnecessário. (https://learn.microsoft.com/dotnet/fundamentals/code-analysis/style-rules/ide0005) [C:\Users\nicol\Documents\GitHub\Reactor\Reactor\Reactor.csproj]
C:\Users\nicol\Documents\GitHub\Reactor\Reactor\Utilities\Extensions\StreamExtensions.cs(1,1): warning IDE0005: O uso da diretiva é desnecessário. (https://learn.microsoft.com/dotnet/fundamentals/code-analysis/style-rules/ide0005) [C:\Users\nicol\Documents\GitHub\Reactor\Reactor\Reactor.csproj]
C:\Users\nicol\Documents\GitHub\Reactor\Reactor\Utilities\Il2CppStateMachineWrapper.cs(2,1): warning IDE0005: O uso da diretiva é desnecessário. (https://learn.microsoft.com/dotnet/fundamentals/code-analysis/style-rules/ide0005) [C:\Users\nicol\Documents\GitHub\Reactor\Reactor\Reactor.csproj]
C:\Users\nicol\Documents\GitHub\Reactor\Reactor\Utilities\Dispatcher.cs(35,6): warning IDE0055: Corrigir a formatação (https://learn.microsoft.com/dotnet/fundamentals/code-analysis/style-rules/ide0055) [C:\Users\nicol\Documents\GitHub\Reactor\Reactor\Reactor.csproj]
C:\Users\nicol\Documents\GitHub\Reactor\Reactor\Utilities\Dispatcher.cs(41,1): warning IDE0055: Corrigir a formatação (https://learn.microsoft.com/dotnet/fundamentals/code-analysis/style-rules/ide0055) [C:\Users\nicol\Documents\GitHub\Reactor\Reactor\Reactor.csproj]
C:\Users\nicol\Documents\GitHub\Reactor\Reactor\Utilities\Dispatcher.cs(41,1): warning SA1028: Code should not contain trailing whitespace (https://github.com/DotNetAnalyzers/StyleCopAnalyzers/blob/master/documentation/SA1028.md) [C:\Users\nicol\Documents\GitHub\Reactor\Reactor\Reactor.csproj]
C:\Users\nicol\Documents\GitHub\Reactor\Reactor\Utilities\UI\ReactorPopup.cs(19,68): warning IDE0055: Corrigir a formatação (https://learn.microsoft.com/dotnet/fundamentals/code-analysis/style-rules/ide0055) [C:\Users\nicol\Documents\GitHub\Reactor\Reactor\Reactor.csproj]
C:\Users\nicol\Documents\GitHub\Reactor\Reactor\Utilities\UI\ReactorPopup.cs(38,6): warning IDE0055: Corrigir a formatação (https://learn.microsoft.com/dotnet/fundamentals/code-analysis/style-rules/ide0055) [C:\Users\nicol\Documents\GitHub\Reactor\Reactor\Reactor.csproj]
C:\Users\nicol\Documents\GitHub\Reactor\Reactor\Utilities\UI\ReactorPopup.cs(20,1): warning SA1507: Code should not contain multiple blank lines in a row (https://github.com/DotNetAnalyzers/StyleCopAnalyzers/blob/master/documentation/SA1507.md) [C:\Users\nicol\Documents\GitHub\Reactor\Reactor\Reactor.csproj]
C:\Users\nicol\Documents\GitHub\Reactor\Reactor\Utilities\UI\ReactorPopup.cs(39,1): warning SA1507: Code should not contain multiple blank lines in a row (https://github.com/DotNetAnalyzers/StyleCopAnalyzers/blob/master/documentation/SA1507.md) [C:\Users\nicol\Documents\GitHub\Reactor\Reactor\Reactor.csproj]
C:\Users\nicol\Documents\GitHub\Reactor\Reactor\Utilities\UI\ReactorPopup.cs(21,1): warning SA1028: Code should not contain trailing whitespace (https://github.com/DotNetAnalyzers/StyleCopAnalyzers/blob/master/documentation/SA1028.md) [C:\Users\nicol\Documents\GitHub\Reactor\Reactor\Reactor.csproj]
C:\Users\nicol\Documents\GitHub\Reactor\Reactor\Utilities\UI\ReactorPopup.cs(40,1): warning SA1028: Code should not contain trailing whitespace (https://github.com/DotNetAnalyzers/StyleCopAnalyzers/blob/master/documentation/SA1028.md) [C:\Users\nicol\Documents\GitHub\Reactor\Reactor\Reactor.csproj]
  Reactor -> C:\Users\nicol\Documents\GitHub\Reactor\Reactor\bin\Debug\net6.0\Reactor.dll
  Falta um pacote Reactor.2.5.1-dev Acesse. Acesse https://aka.ms/nuget/authoring-best-practices/readme para saber porque readmes de pacote são importantes.
  Pacote criado com êxito 'C:\Users\nicol\Documents\GitHub\Reactor\Reactor\bin\Debug\Reactor.2.5.1-dev.nupkg'.

Compilação com êxito.

C:\Users\nicol\Documents\GitHub\Reactor\Reactor\Localization\LocalizationProvider.cs(48,32): warning CS8604: Possível argumento de referência nula para o parâmetro 'format' em 'string string.Format(string format, params object?[] args)'. [C:\Users\nicol\Documents\GitHub\Reactor\Reactor\Reactor.csproj]
C:\Users\nicol\Documents\GitHub\Reactor\Reactor\ReactorPlugin.cs(35,35): warning CS8618: O campo não anulável 'LogSource' precisa conter um valor não nulo ao sair do construtor. Considere adicionar o modificador "obrigatório" ou declarar o campo como anulável. [C:\Users\nicol\Documents\GitHub\Reactor\Reactor\Reactor.csproj]
C:\Users\nicol\Documents\GitHub\Reactor\Reactor\Networking\Patches\HttpPatches.cs(118,17): warning CS0618: "Transform.FindChild(string)" é obsoleto: "FindChild has been deprecated. Use Find instead (UnityUpgradable) -> Find([mscorlib] System.String)" [C:\Users\nicol\Documents\GitHub\Reactor\Reactor\Reactor.csproj]
C:\Users\nicol\Documents\GitHub\Reactor\Reactor\ReactorPlugin.cs(35,35): warning CS1591: Comentário XML ausente para tipo publicamente visível ou membro "ReactorPlugin.LogSource" [C:\Users\nicol\Documents\GitHub\Reactor\Reactor\Reactor.csproj]
C:\Users\nicol\Documents\GitHub\Reactor\Reactor\Utilities\Attributes\RegisterInIl2CppAttribute.cs(7,60): warning CS1574: O comentário XML tem atributo cref "RegisterTypeInUnity{T}()" que não pode ser resolvido [C:\Users\nicol\Documents\GitHub\Reactor\Reactor\Reactor.csproj]
C:\Users\nicol\Documents\GitHub\Reactor\Reactor\ReactorPlugin.cs(35,35): warning CA2211: Campos não constantes não devem ser visíveis (https://learn.microsoft.com/dotnet/fundamentals/code-analysis/quality-rules/ca2211) [C:\Users\nicol\Documents\GitHub\Reactor\Reactor\Reactor.csproj]
C:\Users\nicol\Documents\GitHub\Reactor\Reactor\ReactorPlugin.cs(35,35): warning SA1401: Field should be private (https://github.com/DotNetAnalyzers/StyleCopAnalyzers/blob/master/documentation/SA1401.md) [C:\Users\nicol\Documents\GitHub\Reactor\Reactor\Reactor.csproj]
C:\Users\nicol\Documents\GitHub\Reactor\Reactor\Localization\LocalizationProvider.cs(48,18): warning CA1305: O comportamento de 'string.Format(string, params object[])' pode variar dependendo das configurações de localidade do usuário atual. Substitua esta chamada em 'LocalizationProvider.TryGetTextFormatted(StringNames, object[], out string)' por uma chamada para 'string.Format(IFormatProvider, string, params object[])'. (https://learn.microsoft.com/dotnet/fundamentals/code-analysis/quality-rules/ca1305) [C:\Users\nicol\Documents\GitHub\Reactor\Reactor\Reactor.csproj]
C:\Users\nicol\Documents\GitHub\Reactor\Reactor\Utilities\Dispatcher.cs(41,1): warning SA1506: Element documentation headers should not be followed by blank line (https://github.com/DotNetAnalyzers/StyleCopAnalyzers/blob/master/documentation/SA1506.md) [C:\Users\nicol\Documents\GitHub\Reactor\Reactor\Reactor.csproj]
C:\Users\nicol\Documents\GitHub\Reactor\Reactor\Utilities\Il2CppCompilerGeneratedObjectWrapper.cs(33,9): warning SA1642: Constructor summary documentation should begin with standard text (https://github.com/DotNetAnalyzers/StyleCopAnalyzers/blob/master/documentation/SA1642.md) [C:\Users\nicol\Documents\GitHub\Reactor\Reactor\Reactor.csproj]
C:\Users\nicol\Documents\GitHub\Reactor\Reactor\Utilities\Extensions\StreamExtensions.cs(14,46): warning SA1611: The documentation for parameter 'stream' is missing (https://github.com/DotNetAnalyzers/StyleCopAnalyzers/blob/master/documentation/SA1611.md) [C:\Users\nicol\Documents\GitHub\Reactor\Reactor\Reactor.csproj]
C:\Users\nicol\Documents\GitHub\Reactor\Reactor\Utilities\Extensions\StreamExtensions.cs(14,19): warning SA1615: Element return value should be documented (https://github.com/DotNetAnalyzers/StyleCopAnalyzers/blob/master/documentation/SA1615.md) [C:\Users\nicol\Documents\GitHub\Reactor\Reactor\Reactor.csproj]
C:\Users\nicol\Documents\GitHub\Reactor\Reactor\Networking\Attributes\MessageConverterAttribute.cs(4,1): warning IDE0005: O uso da diretiva é desnecessário. (https://learn.microsoft.com/dotnet/fundamentals/code-analysis/style-rules/ide0005) [C:\Users\nicol\Documents\GitHub\Reactor\Reactor\Reactor.csproj]
C:\Users\nicol\Documents\GitHub\Reactor\Reactor\ReactorPlugin.cs(18,1): warning IDE0005: O uso da diretiva é desnecessário. (https://learn.microsoft.com/dotnet/fundamentals/code-analysis/style-rules/ide0005) [C:\Users\nicol\Documents\GitHub\Reactor\Reactor\Reactor.csproj]
C:\Users\nicol\Documents\GitHub\Reactor\Reactor\Patches\ReactorVersionShower.cs(3,1): warning IDE0005: O uso da diretiva é desnecessário. (https://learn.microsoft.com/dotnet/fundamentals/code-analysis/style-rules/ide0005) [C:\Users\nicol\Documents\GitHub\Reactor\Reactor\Reactor.csproj]
C:\Users\nicol\Documents\GitHub\Reactor\Reactor\Utilities\Coroutines.cs(1,1): warning IDE0005: O uso da diretiva é desnecessário. (https://learn.microsoft.com/dotnet/fundamentals/code-analysis/style-rules/ide0005) [C:\Users\nicol\Documents\GitHub\Reactor\Reactor\Reactor.csproj]
C:\Users\nicol\Documents\GitHub\Reactor\Reactor\Utilities\Extensions\StreamExtensions.cs(1,1): warning IDE0005: O uso da diretiva é desnecessário. (https://learn.microsoft.com/dotnet/fundamentals/code-analysis/style-rules/ide0005) [C:\Users\nicol\Documents\GitHub\Reactor\Reactor\Reactor.csproj]
C:\Users\nicol\Documents\GitHub\Reactor\Reactor\Utilities\Il2CppStateMachineWrapper.cs(2,1): warning IDE0005: O uso da diretiva é desnecessário. (https://learn.microsoft.com/dotnet/fundamentals/code-analysis/style-rules/ide0005) [C:\Users\nicol\Documents\GitHub\Reactor\Reactor\Reactor.csproj]
C:\Users\nicol\Documents\GitHub\Reactor\Reactor\Utilities\Dispatcher.cs(35,6): warning IDE0055: Corrigir a formatação (https://learn.microsoft.com/dotnet/fundamentals/code-analysis/style-rules/ide0055) [C:\Users\nicol\Documents\GitHub\Reactor\Reactor\Reactor.csproj]
C:\Users\nicol\Documents\GitHub\Reactor\Reactor\Utilities\Dispatcher.cs(41,1): warning IDE0055: Corrigir a formatação (https://learn.microsoft.com/dotnet/fundamentals/code-analysis/style-rules/ide0055) [C:\Users\nicol\Documents\GitHub\Reactor\Reactor\Reactor.csproj]
C:\Users\nicol\Documents\GitHub\Reactor\Reactor\Utilities\Dispatcher.cs(41,1): warning SA1028: Code should not contain trailing whitespace (https://github.com/DotNetAnalyzers/StyleCopAnalyzers/blob/master/documentation/SA1028.md) [C:\Users\nicol\Documents\GitHub\Reactor\Reactor\Reactor.csproj]
C:\Users\nicol\Documents\GitHub\Reactor\Reactor\Utilities\UI\ReactorPopup.cs(19,68): warning IDE0055: Corrigir a formatação (https://learn.microsoft.com/dotnet/fundamentals/code-analysis/style-rules/ide0055) [C:\Users\nicol\Documents\GitHub\Reactor\Reactor\Reactor.csproj]
C:\Users\nicol\Documents\GitHub\Reactor\Reactor\Utilities\UI\ReactorPopup.cs(38,6): warning IDE0055: Corrigir a formatação (https://learn.microsoft.com/dotnet/fundamentals/code-analysis/style-rules/ide0055) [C:\Users\nicol\Documents\GitHub\Reactor\Reactor\Reactor.csproj]
C:\Users\nicol\Documents\GitHub\Reactor\Reactor\Utilities\UI\ReactorPopup.cs(20,1): warning SA1507: Code should not contain multiple blank lines in a row (https://github.com/DotNetAnalyzers/StyleCopAnalyzers/blob/master/documentation/SA1507.md) [C:\Users\nicol\Documents\GitHub\Reactor\Reactor\Reactor.csproj]
C:\Users\nicol\Documents\GitHub\Reactor\Reactor\Utilities\UI\ReactorPopup.cs(39,1): warning SA1507: Code should not contain multiple blank lines in a row (https://github.com/DotNetAnalyzers/StyleCopAnalyzers/blob/master/documentation/SA1507.md) [C:\Users\nicol\Documents\GitHub\Reactor\Reactor\Reactor.csproj]
C:\Users\nicol\Documents\GitHub\Reactor\Reactor\Utilities\UI\ReactorPopup.cs(21,1): warning SA1028: Code should not contain trailing whitespace (https://github.com/DotNetAnalyzers/StyleCopAnalyzers/blob/master/documentation/SA1028.md) [C:\Users\nicol\Documents\GitHub\Reactor\Reactor\Reactor.csproj]
C:\Users\nicol\Documents\GitHub\Reactor\Reactor\Utilities\UI\ReactorPopup.cs(40,1): warning SA1028: Code should not contain trailing whitespace (https://github.com/DotNetAnalyzers/StyleCopAnalyzers/blob/master/documentation/SA1028.md) [C:\Users\nicol\Documents\GitHub\Reactor\Reactor\Reactor.csproj]
    27 Aviso(s)
    0 Erro(s)

Tempo Decorrido 00:00:02.15
