C:\Users\nicol\Documents\GitHub\Reactor\Reactor\Networking\Patches\ClientPatches.cs(6,26): error CS0234: O nome de tipo ou namespace "Utils" não existe no namespace "BepInEx.Unity.Mono" (você está sem uma referência de assembly?) [C:\Users\nicol\Documents\GitHub\Reactor\Reactor\Reactor.csproj]
C:\Users\nicol\Documents\GitHub\Reactor\Reactor\Networking\Patches\ClientPatches.cs(9,7): error CS0246: O nome do tipo ou do namespace "UnityInterop" não pode ser encontrado (está faltando uma diretiva using ou uma referência de assembly?) [C:\Users\nicol\Documents\GitHub\Reactor\Reactor\Reactor.csproj]
C:\Users\nicol\Documents\GitHub\Reactor\Reactor\Networking\Patches\ClientPatches.cs(10,7): error CS0246: O nome do tipo ou do namespace "UnityInterop" não pode ser encontrado (está faltando uma diretiva using ou uma referência de assembly?) [C:\Users\nicol\Documents\GitHub\Reactor\Reactor\Reactor.csproj]
C:\Users\nicol\Documents\GitHub\Reactor\Reactor\Networking\Rpc\CustomRpcManager.cs(7,7): error CS0246: O nome do tipo ou do namespace "UnityInterop" não pode ser encontrado (está faltando uma diretiva using ou uma referência de assembly?) [C:\Users\nicol\Documents\GitHub\Reactor\Reactor\Reactor.csproj]
C:\Users\nicol\Documents\GitHub\Reactor\Reactor\Networking\Rpc\UnsafeCustomRpc.cs(9,16): error CS0246: O nome do tipo ou do namespace "UnitySystem" não pode ser encontrado (está faltando uma diretiva using ou uma referência de assembly?) [C:\Users\nicol\Documents\GitHub\Reactor\Reactor\Reactor.csproj]
C:\Users\nicol\Documents\GitHub\Reactor\Reactor\Patches\Miscellaneous\CustomServersPatch.cs(6,7): error CS0246: O nome do tipo ou do namespace "Il2CppInterop" não pode ser encontrado (está faltando uma diretiva using ou uma referência de assembly?) [C:\Users\nicol\Documents\GitHub\Reactor\Reactor\Reactor.csproj]
C:\Users\nicol\Documents\GitHub\Reactor\Reactor\Patches\Miscellaneous\CustomServersPatch.cs(51,35): error CS0246: O nome do tipo ou do namespace "Il2CppObjectBase" não pode ser encontrado (está faltando uma diretiva using ou uma referência de assembly?) [C:\Users\nicol\Documents\GitHub\Reactor\Reactor\Reactor.csproj]
C:\Users\nicol\Documents\GitHub\Reactor\Reactor\Networking\Patches\ClientPatches.cs(43,35): error CS0246: O nome do tipo ou do namespace "UnityObjectBase" não pode ser encontrado (está faltando uma diretiva using ou uma referência de assembly?) [C:\Users\nicol\Documents\GitHub\Reactor\Reactor\Reactor.csproj]
C:\Users\nicol\Documents\GitHub\Reactor\Reactor\Networking\Patches\ClientPatches.cs(182,35): error CS0246: O nome do tipo ou do namespace "UnityObjectBase" não pode ser encontrado (está faltando uma diretiva using ou uma referência de assembly?) [C:\Users\nicol\Documents\GitHub\Reactor\Reactor\Reactor.csproj]
C:\Users\nicol\Documents\GitHub\Reactor\Reactor\Networking\Patches\ClientPatches.cs(238,36): error CS0246: O nome do tipo ou do namespace "UnityObjectBase" não pode ser encontrado (está faltando uma diretiva using ou uma referência de assembly?) [C:\Users\nicol\Documents\GitHub\Reactor\Reactor\Reactor.csproj]
C:\Users\nicol\Documents\GitHub\Reactor\Reactor\Networking\Patches\ClientPatches.cs(358,40): error CS0246: O nome do tipo ou do namespace "UnityStructArray<>" não pode ser encontrado (está faltando uma diretiva using ou uma referência de assembly?) [C:\Users\nicol\Documents\GitHub\Reactor\Reactor\Reactor.csproj]

FALHA da compilação.

C:\Users\nicol\Documents\GitHub\Reactor\Reactor\Networking\Patches\ClientPatches.cs(6,26): error CS0234: O nome de tipo ou namespace "Utils" não existe no namespace "BepInEx.Unity.Mono" (você está sem uma referência de assembly?) [C:\Users\nicol\Documents\GitHub\Reactor\Reactor\Reactor.csproj]
C:\Users\nicol\Documents\GitHub\Reactor\Reactor\Networking\Patches\ClientPatches.cs(9,7): error CS0246: O nome do tipo ou do namespace "UnityInterop" não pode ser encontrado (está faltando uma diretiva using ou uma referência de assembly?) [C:\Users\nicol\Documents\GitHub\Reactor\Reactor\Reactor.csproj]
C:\Users\nicol\Documents\GitHub\Reactor\Reactor\Networking\Patches\ClientPatches.cs(10,7): error CS0246: O nome do tipo ou do namespace "UnityInterop" não pode ser encontrado (está faltando uma diretiva using ou uma referência de assembly?) [C:\Users\nicol\Documents\GitHub\Reactor\Reactor\Reactor.csproj]
C:\Users\nicol\Documents\GitHub\Reactor\Reactor\Networking\Rpc\CustomRpcManager.cs(7,7): error CS0246: O nome do tipo ou do namespace "UnityInterop" não pode ser encontrado (está faltando uma diretiva using ou uma referência de assembly?) [C:\Users\nicol\Documents\GitHub\Reactor\Reactor\Reactor.csproj]
C:\Users\nicol\Documents\GitHub\Reactor\Reactor\Networking\Rpc\UnsafeCustomRpc.cs(9,16): error CS0246: O nome do tipo ou do namespace "UnitySystem" não pode ser encontrado (está faltando uma diretiva using ou uma referência de assembly?) [C:\Users\nicol\Documents\GitHub\Reactor\Reactor\Reactor.csproj]
C:\Users\nicol\Documents\GitHub\Reactor\Reactor\Patches\Miscellaneous\CustomServersPatch.cs(6,7): error CS0246: O nome do tipo ou do namespace "Il2CppInterop" não pode ser encontrado (está faltando uma diretiva using ou uma referência de assembly?) [C:\Users\nicol\Documents\GitHub\Reactor\Reactor\Reactor.csproj]
C:\Users\nicol\Documents\GitHub\Reactor\Reactor\Patches\Miscellaneous\CustomServersPatch.cs(51,35): error CS0246: O nome do tipo ou do namespace "Il2CppObjectBase" não pode ser encontrado (está faltando uma diretiva using ou uma referência de assembly?) [C:\Users\nicol\Documents\GitHub\Reactor\Reactor\Reactor.csproj]
C:\Users\nicol\Documents\GitHub\Reactor\Reactor\Networking\Patches\ClientPatches.cs(43,35): error CS0246: O nome do tipo ou do namespace "UnityObjectBase" não pode ser encontrado (está faltando uma diretiva using ou uma referência de assembly?) [C:\Users\nicol\Documents\GitHub\Reactor\Reactor\Reactor.csproj]
C:\Users\nicol\Documents\GitHub\Reactor\Reactor\Networking\Patches\ClientPatches.cs(182,35): error CS0246: O nome do tipo ou do namespace "UnityObjectBase" não pode ser encontrado (está faltando uma diretiva using ou uma referência de assembly?) [C:\Users\nicol\Documents\GitHub\Reactor\Reactor\Reactor.csproj]
C:\Users\nicol\Documents\GitHub\Reactor\Reactor\Networking\Patches\ClientPatches.cs(238,36): error CS0246: O nome do tipo ou do namespace "UnityObjectBase" não pode ser encontrado (está faltando uma diretiva using ou uma referência de assembly?) [C:\Users\nicol\Documents\GitHub\Reactor\Reactor\Reactor.csproj]
C:\Users\nicol\Documents\GitHub\Reactor\Reactor\Networking\Patches\ClientPatches.cs(358,40): error CS0246: O nome do tipo ou do namespace "UnityStructArray<>" não pode ser encontrado (está faltando uma diretiva using ou uma referência de assembly?) [C:\Users\nicol\Documents\GitHub\Reactor\Reactor\Reactor.csproj]
    0 Aviso(s)
    11 Erro(s)

Tempo Decorrido 00:00:01.57
