C:\Users\nicol\Documents\GitHub\Reactor\Reactor\Localization\LocalizationProvider.cs(48,32): warning CS8604: Possível argumento de referência nula para o parâmetro 'format' em 'string string.Format(string format, params object?[] args)'. [C:\Users\nicol\Documents\GitHub\Reactor\Reactor\Reactor.csproj]
C:\Users\nicol\Documents\GitHub\Reactor\Reactor\Patches\ReactorVersionShower.cs(35,100): error CS0029: Não é possível converter implicitamente tipo "System.Action<float, int, int, bool>" em "ResolutionManager.ResolutionChangedHandler" [C:\Users\nicol\Documents\GitHub\Reactor\Reactor\Reactor.csproj]
C:\Users\nicol\Documents\GitHub\Reactor\Reactor\Patches\Fixes\ServerInfoFixesPatch.cs(17,9): error CS0103: O nome "Info" não existe no contexto atual [C:\Users\nicol\Documents\GitHub\Reactor\Reactor\Reactor.csproj]
C:\Users\nicol\Documents\GitHub\Reactor\Reactor\Localization\Providers\HardCodedLocalizationProvider.cs(22,13): error CS0103: O nome "Warning" não existe no contexto atual [C:\Users\nicol\Documents\GitHub\Reactor\Reactor\Reactor.csproj]
C:\Users\nicol\Documents\GitHub\Reactor\Reactor\Networking\Patches\ReactorConnection.cs(49,13): error CS0103: O nome "Debug" não existe no contexto atual [C:\Users\nicol\Documents\GitHub\Reactor\Reactor\Reactor.csproj]
C:\Users\nicol\Documents\GitHub\Reactor\Reactor\Networking\Patches\ReactorConnection.cs(38,17): error CS0103: O nome "Debug" não existe no contexto atual [C:\Users\nicol\Documents\GitHub\Reactor\Reactor\Reactor.csproj]
C:\Users\nicol\Documents\GitHub\Reactor\Reactor\Networking\Extensions\ExtraMessageExtensions.cs(131,37): error CS1503: Argumento 1: não é possível converter de "byte[]" para "Hazel.SmartBuffer" [C:\Users\nicol\Documents\GitHub\Reactor\Reactor\Reactor.csproj]
C:\Users\nicol\Documents\GitHub\Reactor\Reactor\Networking\Extensions\ExtraMessageExtensions.cs(131,48): error CS1503: Argumento 3: não é possível converter de "System.Action" para "int" [C:\Users\nicol\Documents\GitHub\Reactor\Reactor\Reactor.csproj]
C:\Users\nicol\Documents\GitHub\Reactor\Reactor\Networking\Extensions\ExtraMessageExtensions.cs(132,43): error CS1503: Argumento 1: não é possível converter de "byte[]" para "Hazel.SmartBuffer" [C:\Users\nicol\Documents\GitHub\Reactor\Reactor\Reactor.csproj]
C:\Users\nicol\Documents\GitHub\Reactor\Reactor\Networking\Patches\ClientPatches.cs(351,13): error CS0103: O nome "Info" não existe no contexto atual [C:\Users\nicol\Documents\GitHub\Reactor\Reactor\Reactor.csproj]
C:\Users\nicol\Documents\GitHub\Reactor\Reactor\Patches\ReactorVersionShower.cs(42,22): error CS0571: "SceneManager.sceneLoaded.add": não é possível chamar explicitamente o operador ou acessador [C:\Users\nicol\Documents\GitHub\Reactor\Reactor\Reactor.csproj]
C:\Users\nicol\Documents\GitHub\Reactor\Reactor\Patches\ReactorVersionShower.cs(65,35): error CS0571: "ResolutionManager.ResolutionChanged.add": não é possível chamar explicitamente o operador ou acessador [C:\Users\nicol\Documents\GitHub\Reactor\Reactor\Reactor.csproj]
C:\Users\nicol\Documents\GitHub\Reactor\Reactor\Patches\ReactorVersionShower.cs(70,35): error CS0571: "ResolutionManager.ResolutionChanged.remove": não é possível chamar explicitamente o operador ou acessador [C:\Users\nicol\Documents\GitHub\Reactor\Reactor\Reactor.csproj]
C:\Users\nicol\Documents\GitHub\Reactor\Reactor\Patches\Miscellaneous\FreeNamePatch.cs(25,22): error CS0571: "SceneManager.sceneLoaded.add": não é possível chamar explicitamente o operador ou acessador [C:\Users\nicol\Documents\GitHub\Reactor\Reactor\Reactor.csproj]
C:\Users\nicol\Documents\GitHub\Reactor\Reactor\Patches\Miscellaneous\FreeNamePatch.cs(39,42): error CS1503: Argumento 1: não é possível converter de "System.Action" para "UnityEngine.Events.UnityAction" [C:\Users\nicol\Documents\GitHub\Reactor\Reactor\Reactor.csproj]
C:\Users\nicol\Documents\GitHub\Reactor\Reactor\Networking\Rpc\UnsafeCustomRpc.cs(111,13): error CS0103: O nome "Warning" não existe no contexto atual [C:\Users\nicol\Documents\GitHub\Reactor\Reactor\Reactor.csproj]
C:\Users\nicol\Documents\GitHub\Reactor\Reactor\Patches\Fixes\ServerInfoFixesPatch.cs(35,13): error CS0103: O nome "Info" não existe no contexto atual [C:\Users\nicol\Documents\GitHub\Reactor\Reactor\Reactor.csproj]
C:\Users\nicol\Documents\GitHub\Reactor\Reactor\Patches\Fixes\ServerInfoFixesPatch.cs(39,13): error CS0103: O nome "Info" não existe no contexto atual [C:\Users\nicol\Documents\GitHub\Reactor\Reactor\Reactor.csproj]
C:\Users\nicol\Documents\GitHub\Reactor\Reactor\ReactorPlugin.cs(34,35): warning CS8618: O campo não anulável 'LogSource' precisa conter um valor não nulo ao sair do construtor. Considere adicionar o modificador "obrigatório" ou declarar o campo como anulável. [C:\Users\nicol\Documents\GitHub\Reactor\Reactor\Reactor.csproj]
C:\Users\nicol\Documents\GitHub\Reactor\Reactor\Utilities\RegionInfoWatcher.cs(45,21): error CS0103: O nome "Info" não existe no contexto atual [C:\Users\nicol\Documents\GitHub\Reactor\Reactor\Reactor.csproj]
C:\Users\nicol\Documents\GitHub\Reactor\Reactor\Networking\Patches\HttpPatches.cs(41,27): error CS1061: ‘IRegionInfo’ não contém uma definição para "TryCast" e não foi possível encontrar nenhum método de extensão "TryCast" que aceite um primeiro argumento do tipo ‘IRegionInfo’ (você está se esquecendo de usar uma diretiva ou uma referência de assembly?) [C:\Users\nicol\Documents\GitHub\Reactor\Reactor\Reactor.csproj]
C:\Users\nicol\Documents\GitHub\Reactor\Reactor\Patches\ReactorVersionShower.cs(100,35): error CS0103: O nome "UnityChainloader" não existe no contexto atual [C:\Users\nicol\Documents\GitHub\Reactor\Reactor\Reactor.csproj]
C:\Users\nicol\Documents\GitHub\Reactor\Reactor\Utilities\RegionInfoWatcher.cs(80,17): error CS1955: O membro não invocável "Debug" não pode ser usado como um método. [C:\Users\nicol\Documents\GitHub\Reactor\Reactor\Reactor.csproj]
C:\Users\nicol\Documents\GitHub\Reactor\Reactor\Patches\Miscellaneous\DisableServerAuthorityPatch.cs(20,9): error CS0103: O nome "Debug" não existe no contexto atual [C:\Users\nicol\Documents\GitHub\Reactor\Reactor\Reactor.csproj]
C:\Users\nicol\Documents\GitHub\Reactor\Reactor\Utilities\DefaultBundle.cs(15,88): error CS0037: Não é possível converter o valor nulo em 'DefaultControls.Resources' porque ele não é um tipo de valor não anulável [C:\Users\nicol\Documents\GitHub\Reactor\Reactor\Reactor.csproj]
C:\Users\nicol\Documents\GitHub\Reactor\Reactor\Networking\Patches\HttpPatches.cs(115,17): error CS0103: O nome "Warning" não existe no contexto atual [C:\Users\nicol\Documents\GitHub\Reactor\Reactor\Reactor.csproj]
C:\Users\nicol\Documents\GitHub\Reactor\Reactor\Networking\Patches\HttpPatches.cs(118,17): warning CS0618: "Transform.FindChild(string)" é obsoleto: "FindChild has been deprecated. Use Find instead (UnityUpgradable) -> Find([mscorlib] System.String)" [C:\Users\nicol\Documents\GitHub\Reactor\Reactor\Reactor.csproj]
C:\Users\nicol\Documents\GitHub\Reactor\Reactor\Networking\Patches\HttpPatches.cs(121,37): error CS1503: Argumento 1: não é possível converter de "System.Action" para "UnityEngine.Events.UnityAction" [C:\Users\nicol\Documents\GitHub\Reactor\Reactor\Reactor.csproj]
C:\Users\nicol\Documents\GitHub\Reactor\Reactor\Networking\Patches\ClientPatches.cs(317,29): error CS0103: O nome "Info" não existe no contexto atual [C:\Users\nicol\Documents\GitHub\Reactor\Reactor\Reactor.csproj]
C:\Users\nicol\Documents\GitHub\Reactor\Reactor\Networking\Patches\ClientPatches.cs(322,29): error CS0103: O nome "Warning" não existe no contexto atual [C:\Users\nicol\Documents\GitHub\Reactor\Reactor\Reactor.csproj]
C:\Users\nicol\Documents\GitHub\Reactor\Reactor\Networking\Patches\ClientPatches.cs(336,17): error CS0103: O nome "Warning" não existe no contexto atual [C:\Users\nicol\Documents\GitHub\Reactor\Reactor\Reactor.csproj]
C:\Users\nicol\Documents\GitHub\Reactor\Reactor\Networking\Attributes\MessageConverterAttribute.cs(46,21): error CS0103: O nome "Warning" não existe no contexto atual [C:\Users\nicol\Documents\GitHub\Reactor\Reactor\Reactor.csproj]
C:\Users\nicol\Documents\GitHub\Reactor\Reactor\Networking\Patches\HttpPatches.cs(64,17): error CS1955: O membro não invocável "Debug" não pode ser usado como um método. [C:\Users\nicol\Documents\GitHub\Reactor\Reactor\Reactor.csproj]
C:\Users\nicol\Documents\GitHub\Reactor\Reactor\Networking\Patches\ClientPatches.cs(204,21): error CS1955: O membro não invocável "Debug" não pode ser usado como um método. [C:\Users\nicol\Documents\GitHub\Reactor\Reactor\Reactor.csproj]
C:\Users\nicol\Documents\GitHub\Reactor\Reactor\Networking\Patches\ClientPatches.cs(275,17): error CS1955: O membro não invocável "Debug" não pode ser usado como um método. [C:\Users\nicol\Documents\GitHub\Reactor\Reactor\Reactor.csproj]
C:\Users\nicol\Documents\GitHub\Reactor\Reactor\Utilities\ReactorCredits.cs(70,13): error CS0103: O nome "Error" não existe no contexto atual [C:\Users\nicol\Documents\GitHub\Reactor\Reactor\Reactor.csproj]
C:\Users\nicol\Documents\GitHub\Reactor\Reactor\Utilities\ReactorCredits.cs(76,13): error CS0103: O nome "Error" não existe no contexto atual [C:\Users\nicol\Documents\GitHub\Reactor\Reactor\Reactor.csproj]
C:\Users\nicol\Documents\GitHub\Reactor\Reactor\Utilities\ReactorCredits.cs(86,13): error CS0103: O nome "Info" não existe no contexto atual [C:\Users\nicol\Documents\GitHub\Reactor\Reactor\Reactor.csproj]
C:\Users\nicol\Documents\GitHub\Reactor\Reactor\Utilities\ReactorCredits.cs(90,13): error CS0103: O nome "Warning" não existe no contexto atual [C:\Users\nicol\Documents\GitHub\Reactor\Reactor\Reactor.csproj]
C:\Users\nicol\Documents\GitHub\Reactor\Reactor\Networking\Attributes\MethodRpcAttribute.cs(81,17): error CS0103: O nome "Warning" não existe no contexto atual [C:\Users\nicol\Documents\GitHub\Reactor\Reactor\Reactor.csproj]
C:\Users\nicol\Documents\GitHub\Reactor\Reactor\Networking\ModList.cs(131,9): error CS0103: O nome "Debug" não existe no contexto atual [C:\Users\nicol\Documents\GitHub\Reactor\Reactor\Reactor.csproj]
C:\Users\nicol\Documents\GitHub\Reactor\Reactor\Networking\Patches\ClientPatches.cs(248,21): error CS1955: O membro não invocável "Debug" não pode ser usado como um método. [C:\Users\nicol\Documents\GitHub\Reactor\Reactor\Reactor.csproj]
C:\Users\nicol\Documents\GitHub\Reactor\Reactor\Networking\Patches\ClientPatches.cs(252,21): error CS1955: O membro não invocável "Debug" não pode ser usado como um método. [C:\Users\nicol\Documents\GitHub\Reactor\Reactor\Reactor.csproj]
C:\Users\nicol\Documents\GitHub\Reactor\Reactor\Utilities\ReactorCredits.cs(103,26): error CS0103: O nome "UnityChainloader" não existe no contexto atual [C:\Users\nicol\Documents\GitHub\Reactor\Reactor\Reactor.csproj]
C:\Users\nicol\Documents\GitHub\Reactor\Reactor\Networking\Rpc\CustomRpcManager.cs(38,14): error CS1061: ‘Dictionary<Type, Dictionary<Mod, Dictionary<uint, UnsafeCustomRpc>>>’ não contém uma definição para "GetOrCreate" e não foi possível encontrar nenhum método de extensão "GetOrCreate" que aceite um primeiro argumento do tipo ‘Dictionary<Type, Dictionary<Mod, Dictionary<uint, UnsafeCustomRpc>>>’ (você está se esquecendo de usar uma diretiva ou uma referência de assembly?) [C:\Users\nicol\Documents\GitHub\Reactor\Reactor\Reactor.csproj]
C:\Users\nicol\Documents\GitHub\Reactor\Reactor\Networking\Patches\HttpPatches.cs(86,25): error CS1955: O membro não invocável "Debug" não pode ser usado como um método. [C:\Users\nicol\Documents\GitHub\Reactor\Reactor\Reactor.csproj]
C:\Users\nicol\Documents\GitHub\Reactor\Reactor\Networking\Patches\HttpPatches.cs(90,25): error CS0103: O nome "Warning" não existe no contexto atual [C:\Users\nicol\Documents\GitHub\Reactor\Reactor\Reactor.csproj]
C:\Users\nicol\Documents\GitHub\Reactor\Reactor\Networking\Patches\HttpPatches.cs(93,36): error CS1061: ‘UnityWebRequest’ não contém uma definição para "GetMethod" e não foi possível encontrar nenhum método de extensão "GetMethod" que aceite um primeiro argumento do tipo ‘UnityWebRequest’ (você está se esquecendo de usar uma diretiva ou uma referência de assembly?) [C:\Users\nicol\Documents\GitHub\Reactor\Reactor\Reactor.csproj]
C:\Users\nicol\Documents\GitHub\Reactor\Reactor\Networking\Patches\HttpPatches.cs(93,67): error CS0122: "UnityWebRequest.UnityWebRequestMethod" é inacessível devido ao seu nível de proteção [C:\Users\nicol\Documents\GitHub\Reactor\Reactor\Reactor.csproj]
C:\Users\nicol\Documents\GitHub\Reactor\Reactor\Networking\Patches\HttpPatches.cs(101,39): error CS1929: "IRegionInfo" não contém uma definição para "Cast" e a melhor sobrecarga do método de extensão "Enumerable.Cast<StaticHttpRegionInfo>(IEnumerable)" requer um receptor do tipo "System.Collections.IEnumerable" [C:\Users\nicol\Documents\GitHub\Reactor\Reactor\Reactor.csproj]
C:\Users\nicol\Documents\GitHub\Reactor\Reactor\Networking\Patches\HttpPatches.cs(78,26): error CS0571: "AsyncOperation.completed.add": não é possível chamar explicitamente o operador ou acessador [C:\Users\nicol\Documents\GitHub\Reactor\Reactor\Reactor.csproj]
C:\Users\nicol\Documents\GitHub\Reactor\Reactor\Utilities\ImGui\Window.cs(79,47): error CS1503: Argumento 3: não é possível converter de "System.Action<int>" para "UnityEngine.GUI.WindowFunction" [C:\Users\nicol\Documents\GitHub\Reactor\Reactor\Reactor.csproj]
C:\Users\nicol\Documents\GitHub\Reactor\Reactor\Utilities\ImGui\Window.cs(79,60): error CS1503: Argumento 5: não é possível converter de "UnityEngine.GUILayoutOption" para "params UnityEngine.GUILayoutOption[]" [C:\Users\nicol\Documents\GitHub\Reactor\Reactor\Reactor.csproj]
C:\Users\nicol\Documents\GitHub\Reactor\Reactor\Utilities\Extensions\SceneManagerExtensions.cs(24,26): error CS0571: "SceneManager.sceneLoaded.remove": não é possível chamar explicitamente o operador ou acessador [C:\Users\nicol\Documents\GitHub\Reactor\Reactor\Reactor.csproj]
C:\Users\nicol\Documents\GitHub\Reactor\Reactor\Utilities\Extensions\SceneManagerExtensions.cs(28,22): error CS0571: "SceneManager.sceneLoaded.add": não é possível chamar explicitamente o operador ou acessador [C:\Users\nicol\Documents\GitHub\Reactor\Reactor\Reactor.csproj]
C:\Users\nicol\Documents\GitHub\Reactor\Reactor\Utilities\Il2CppStateMachineWrapper.cs(89,13): error CS0103: O nome "Error" não existe no contexto atual [C:\Users\nicol\Documents\GitHub\Reactor\Reactor\Reactor.csproj]
C:\Users\nicol\Documents\GitHub\Reactor\Reactor\Utilities\Il2CppStateMachineWrapper.cs(96,13): error CS0103: O nome "Error" não existe no contexto atual [C:\Users\nicol\Documents\GitHub\Reactor\Reactor\Reactor.csproj]
C:\Users\nicol\Documents\GitHub\Reactor\Reactor\Utilities\Il2CppStateMachineWrapper.cs(100,9): error CS0103: O nome "Info" não existe no contexto atual [C:\Users\nicol\Documents\GitHub\Reactor\Reactor\Reactor.csproj]
C:\Users\nicol\Documents\GitHub\Reactor\Reactor\Networking\Patches\ClientPatches.cs(57,25): error CS1955: O membro não invocável "Debug" não pode ser usado como um método. [C:\Users\nicol\Documents\GitHub\Reactor\Reactor\Reactor.csproj]
C:\Users\nicol\Documents\GitHub\Reactor\Reactor\Networking\Patches\ClientPatches.cs(92,29): error CS1955: O membro não invocável "Debug" não pode ser usado como um método. [C:\Users\nicol\Documents\GitHub\Reactor\Reactor\Reactor.csproj]
C:\Users\nicol\Documents\GitHub\Reactor\Reactor\Networking\Patches\ClientPatches.cs(117,37): error CS0103: O nome "Warning" não existe no contexto atual [C:\Users\nicol\Documents\GitHub\Reactor\Reactor\Reactor.csproj]
C:\Users\nicol\Documents\GitHub\Reactor\Reactor\ReactorPlugin.cs(34,35): warning CA2211: Campos não constantes não devem ser visíveis (https://learn.microsoft.com/dotnet/fundamentals/code-analysis/quality-rules/ca2211) [C:\Users\nicol\Documents\GitHub\Reactor\Reactor\Reactor.csproj]
C:\Users\nicol\Documents\GitHub\Reactor\Reactor\ReactorPlugin.cs(34,35): warning SA1401: Field should be private (https://github.com/DotNetAnalyzers/StyleCopAnalyzers/blob/master/documentation/SA1401.md) [C:\Users\nicol\Documents\GitHub\Reactor\Reactor\Reactor.csproj]
C:\Users\nicol\Documents\GitHub\Reactor\Reactor\Localization\LocalizationProvider.cs(48,18): warning CA1305: O comportamento de 'string.Format(string, params object[])' pode variar dependendo das configurações de localidade do usuário atual. Substitua esta chamada em 'LocalizationProvider.TryGetTextFormatted(StringNames, object[], out string)' por uma chamada para 'string.Format(IFormatProvider, string, params object[])'. (https://learn.microsoft.com/dotnet/fundamentals/code-analysis/quality-rules/ca1305) [C:\Users\nicol\Documents\GitHub\Reactor\Reactor\Reactor.csproj]
C:\Users\nicol\Documents\GitHub\Reactor\Reactor\Utilities\Il2CppCompilerGeneratedObjectWrapper.cs(33,9): warning SA1642: Constructor summary documentation should begin with standard text (https://github.com/DotNetAnalyzers/StyleCopAnalyzers/blob/master/documentation/SA1642.md) [C:\Users\nicol\Documents\GitHub\Reactor\Reactor\Reactor.csproj]
C:\Users\nicol\Documents\GitHub\Reactor\Reactor\Utilities\Dispatcher.cs(41,1): warning SA1506: Element documentation headers should not be followed by blank line (https://github.com/DotNetAnalyzers/StyleCopAnalyzers/blob/master/documentation/SA1506.md) [C:\Users\nicol\Documents\GitHub\Reactor\Reactor\Reactor.csproj]
C:\Users\nicol\Documents\GitHub\Reactor\Reactor\Utilities\Extensions\StreamExtensions.cs(14,46): warning SA1611: The documentation for parameter 'stream' is missing (https://github.com/DotNetAnalyzers/StyleCopAnalyzers/blob/master/documentation/SA1611.md) [C:\Users\nicol\Documents\GitHub\Reactor\Reactor\Reactor.csproj]
C:\Users\nicol\Documents\GitHub\Reactor\Reactor\Utilities\Extensions\StreamExtensions.cs(14,19): warning SA1615: Element return value should be documented (https://github.com/DotNetAnalyzers/StyleCopAnalyzers/blob/master/documentation/SA1615.md) [C:\Users\nicol\Documents\GitHub\Reactor\Reactor\Reactor.csproj]
C:\Users\nicol\Documents\GitHub\Reactor\Reactor\ReactorPlugin.cs(17,1): warning IDE0005: O uso da diretiva é desnecessário. (https://learn.microsoft.com/dotnet/fundamentals/code-analysis/style-rules/ide0005) [C:\Users\nicol\Documents\GitHub\Reactor\Reactor\Reactor.csproj]
C:\Users\nicol\Documents\GitHub\Reactor\Reactor\Networking\Attributes\MessageConverterAttribute.cs(4,1): warning IDE0005: O uso da diretiva é desnecessário. (https://learn.microsoft.com/dotnet/fundamentals/code-analysis/style-rules/ide0005) [C:\Users\nicol\Documents\GitHub\Reactor\Reactor\Reactor.csproj]
C:\Users\nicol\Documents\GitHub\Reactor\Reactor\Patches\ReactorVersionShower.cs(3,1): warning IDE0005: O uso da diretiva é desnecessário. (https://learn.microsoft.com/dotnet/fundamentals/code-analysis/style-rules/ide0005) [C:\Users\nicol\Documents\GitHub\Reactor\Reactor\Reactor.csproj]
C:\Users\nicol\Documents\GitHub\Reactor\Reactor\Utilities\Extensions\StreamExtensions.cs(1,1): warning IDE0005: O uso da diretiva é desnecessário. (https://learn.microsoft.com/dotnet/fundamentals/code-analysis/style-rules/ide0005) [C:\Users\nicol\Documents\GitHub\Reactor\Reactor\Reactor.csproj]
C:\Users\nicol\Documents\GitHub\Reactor\Reactor\Utilities\Coroutines.cs(1,1): warning IDE0005: O uso da diretiva é desnecessário. (https://learn.microsoft.com/dotnet/fundamentals/code-analysis/style-rules/ide0005) [C:\Users\nicol\Documents\GitHub\Reactor\Reactor\Reactor.csproj]
C:\Users\nicol\Documents\GitHub\Reactor\Reactor\Utilities\Il2CppStateMachineWrapper.cs(2,1): warning IDE0005: O uso da diretiva é desnecessário. (https://learn.microsoft.com/dotnet/fundamentals/code-analysis/style-rules/ide0005) [C:\Users\nicol\Documents\GitHub\Reactor\Reactor\Reactor.csproj]
C:\Users\nicol\Documents\GitHub\Reactor\Reactor\Utilities\Dispatcher.cs(35,6): warning IDE0055: Corrigir a formatação (https://learn.microsoft.com/dotnet/fundamentals/code-analysis/style-rules/ide0055) [C:\Users\nicol\Documents\GitHub\Reactor\Reactor\Reactor.csproj]
C:\Users\nicol\Documents\GitHub\Reactor\Reactor\Utilities\Dispatcher.cs(41,1): warning IDE0055: Corrigir a formatação (https://learn.microsoft.com/dotnet/fundamentals/code-analysis/style-rules/ide0055) [C:\Users\nicol\Documents\GitHub\Reactor\Reactor\Reactor.csproj]
C:\Users\nicol\Documents\GitHub\Reactor\Reactor\Utilities\Dispatcher.cs(41,1): warning SA1028: Code should not contain trailing whitespace (https://github.com/DotNetAnalyzers/StyleCopAnalyzers/blob/master/documentation/SA1028.md) [C:\Users\nicol\Documents\GitHub\Reactor\Reactor\Reactor.csproj]
C:\Users\nicol\Documents\GitHub\Reactor\Reactor\Utilities\UI\ReactorPopup.cs(19,68): warning IDE0055: Corrigir a formatação (https://learn.microsoft.com/dotnet/fundamentals/code-analysis/style-rules/ide0055) [C:\Users\nicol\Documents\GitHub\Reactor\Reactor\Reactor.csproj]
C:\Users\nicol\Documents\GitHub\Reactor\Reactor\Utilities\UI\ReactorPopup.cs(38,6): warning IDE0055: Corrigir a formatação (https://learn.microsoft.com/dotnet/fundamentals/code-analysis/style-rules/ide0055) [C:\Users\nicol\Documents\GitHub\Reactor\Reactor\Reactor.csproj]
C:\Users\nicol\Documents\GitHub\Reactor\Reactor\Utilities\UI\ReactorPopup.cs(20,1): warning SA1507: Code should not contain multiple blank lines in a row (https://github.com/DotNetAnalyzers/StyleCopAnalyzers/blob/master/documentation/SA1507.md) [C:\Users\nicol\Documents\GitHub\Reactor\Reactor\Reactor.csproj]
C:\Users\nicol\Documents\GitHub\Reactor\Reactor\Utilities\UI\ReactorPopup.cs(39,1): warning SA1507: Code should not contain multiple blank lines in a row (https://github.com/DotNetAnalyzers/StyleCopAnalyzers/blob/master/documentation/SA1507.md) [C:\Users\nicol\Documents\GitHub\Reactor\Reactor\Reactor.csproj]
C:\Users\nicol\Documents\GitHub\Reactor\Reactor\Utilities\UI\ReactorPopup.cs(21,1): warning SA1028: Code should not contain trailing whitespace (https://github.com/DotNetAnalyzers/StyleCopAnalyzers/blob/master/documentation/SA1028.md) [C:\Users\nicol\Documents\GitHub\Reactor\Reactor\Reactor.csproj]
C:\Users\nicol\Documents\GitHub\Reactor\Reactor\Utilities\UI\ReactorPopup.cs(40,1): warning SA1028: Code should not contain trailing whitespace (https://github.com/DotNetAnalyzers/StyleCopAnalyzers/blob/master/documentation/SA1028.md) [C:\Users\nicol\Documents\GitHub\Reactor\Reactor\Reactor.csproj]

FALHA da compilação.

C:\Users\nicol\Documents\GitHub\Reactor\Reactor\Localization\LocalizationProvider.cs(48,32): warning CS8604: Possível argumento de referência nula para o parâmetro 'format' em 'string string.Format(string format, params object?[] args)'. [C:\Users\nicol\Documents\GitHub\Reactor\Reactor\Reactor.csproj]
C:\Users\nicol\Documents\GitHub\Reactor\Reactor\ReactorPlugin.cs(34,35): warning CS8618: O campo não anulável 'LogSource' precisa conter um valor não nulo ao sair do construtor. Considere adicionar o modificador "obrigatório" ou declarar o campo como anulável. [C:\Users\nicol\Documents\GitHub\Reactor\Reactor\Reactor.csproj]
C:\Users\nicol\Documents\GitHub\Reactor\Reactor\Networking\Patches\HttpPatches.cs(118,17): warning CS0618: "Transform.FindChild(string)" é obsoleto: "FindChild has been deprecated. Use Find instead (UnityUpgradable) -> Find([mscorlib] System.String)" [C:\Users\nicol\Documents\GitHub\Reactor\Reactor\Reactor.csproj]
C:\Users\nicol\Documents\GitHub\Reactor\Reactor\ReactorPlugin.cs(34,35): warning CA2211: Campos não constantes não devem ser visíveis (https://learn.microsoft.com/dotnet/fundamentals/code-analysis/quality-rules/ca2211) [C:\Users\nicol\Documents\GitHub\Reactor\Reactor\Reactor.csproj]
C:\Users\nicol\Documents\GitHub\Reactor\Reactor\ReactorPlugin.cs(34,35): warning SA1401: Field should be private (https://github.com/DotNetAnalyzers/StyleCopAnalyzers/blob/master/documentation/SA1401.md) [C:\Users\nicol\Documents\GitHub\Reactor\Reactor\Reactor.csproj]
C:\Users\nicol\Documents\GitHub\Reactor\Reactor\Localization\LocalizationProvider.cs(48,18): warning CA1305: O comportamento de 'string.Format(string, params object[])' pode variar dependendo das configurações de localidade do usuário atual. Substitua esta chamada em 'LocalizationProvider.TryGetTextFormatted(StringNames, object[], out string)' por uma chamada para 'string.Format(IFormatProvider, string, params object[])'. (https://learn.microsoft.com/dotnet/fundamentals/code-analysis/quality-rules/ca1305) [C:\Users\nicol\Documents\GitHub\Reactor\Reactor\Reactor.csproj]
C:\Users\nicol\Documents\GitHub\Reactor\Reactor\Utilities\Il2CppCompilerGeneratedObjectWrapper.cs(33,9): warning SA1642: Constructor summary documentation should begin with standard text (https://github.com/DotNetAnalyzers/StyleCopAnalyzers/blob/master/documentation/SA1642.md) [C:\Users\nicol\Documents\GitHub\Reactor\Reactor\Reactor.csproj]
C:\Users\nicol\Documents\GitHub\Reactor\Reactor\Utilities\Dispatcher.cs(41,1): warning SA1506: Element documentation headers should not be followed by blank line (https://github.com/DotNetAnalyzers/StyleCopAnalyzers/blob/master/documentation/SA1506.md) [C:\Users\nicol\Documents\GitHub\Reactor\Reactor\Reactor.csproj]
C:\Users\nicol\Documents\GitHub\Reactor\Reactor\Utilities\Extensions\StreamExtensions.cs(14,46): warning SA1611: The documentation for parameter 'stream' is missing (https://github.com/DotNetAnalyzers/StyleCopAnalyzers/blob/master/documentation/SA1611.md) [C:\Users\nicol\Documents\GitHub\Reactor\Reactor\Reactor.csproj]
C:\Users\nicol\Documents\GitHub\Reactor\Reactor\Utilities\Extensions\StreamExtensions.cs(14,19): warning SA1615: Element return value should be documented (https://github.com/DotNetAnalyzers/StyleCopAnalyzers/blob/master/documentation/SA1615.md) [C:\Users\nicol\Documents\GitHub\Reactor\Reactor\Reactor.csproj]
C:\Users\nicol\Documents\GitHub\Reactor\Reactor\ReactorPlugin.cs(17,1): warning IDE0005: O uso da diretiva é desnecessário. (https://learn.microsoft.com/dotnet/fundamentals/code-analysis/style-rules/ide0005) [C:\Users\nicol\Documents\GitHub\Reactor\Reactor\Reactor.csproj]
C:\Users\nicol\Documents\GitHub\Reactor\Reactor\Networking\Attributes\MessageConverterAttribute.cs(4,1): warning IDE0005: O uso da diretiva é desnecessário. (https://learn.microsoft.com/dotnet/fundamentals/code-analysis/style-rules/ide0005) [C:\Users\nicol\Documents\GitHub\Reactor\Reactor\Reactor.csproj]
C:\Users\nicol\Documents\GitHub\Reactor\Reactor\Patches\ReactorVersionShower.cs(3,1): warning IDE0005: O uso da diretiva é desnecessário. (https://learn.microsoft.com/dotnet/fundamentals/code-analysis/style-rules/ide0005) [C:\Users\nicol\Documents\GitHub\Reactor\Reactor\Reactor.csproj]
C:\Users\nicol\Documents\GitHub\Reactor\Reactor\Utilities\Extensions\StreamExtensions.cs(1,1): warning IDE0005: O uso da diretiva é desnecessário. (https://learn.microsoft.com/dotnet/fundamentals/code-analysis/style-rules/ide0005) [C:\Users\nicol\Documents\GitHub\Reactor\Reactor\Reactor.csproj]
C:\Users\nicol\Documents\GitHub\Reactor\Reactor\Utilities\Coroutines.cs(1,1): warning IDE0005: O uso da diretiva é desnecessário. (https://learn.microsoft.com/dotnet/fundamentals/code-analysis/style-rules/ide0005) [C:\Users\nicol\Documents\GitHub\Reactor\Reactor\Reactor.csproj]
C:\Users\nicol\Documents\GitHub\Reactor\Reactor\Utilities\Il2CppStateMachineWrapper.cs(2,1): warning IDE0005: O uso da diretiva é desnecessário. (https://learn.microsoft.com/dotnet/fundamentals/code-analysis/style-rules/ide0005) [C:\Users\nicol\Documents\GitHub\Reactor\Reactor\Reactor.csproj]
C:\Users\nicol\Documents\GitHub\Reactor\Reactor\Utilities\Dispatcher.cs(35,6): warning IDE0055: Corrigir a formatação (https://learn.microsoft.com/dotnet/fundamentals/code-analysis/style-rules/ide0055) [C:\Users\nicol\Documents\GitHub\Reactor\Reactor\Reactor.csproj]
C:\Users\nicol\Documents\GitHub\Reactor\Reactor\Utilities\Dispatcher.cs(41,1): warning IDE0055: Corrigir a formatação (https://learn.microsoft.com/dotnet/fundamentals/code-analysis/style-rules/ide0055) [C:\Users\nicol\Documents\GitHub\Reactor\Reactor\Reactor.csproj]
C:\Users\nicol\Documents\GitHub\Reactor\Reactor\Utilities\Dispatcher.cs(41,1): warning SA1028: Code should not contain trailing whitespace (https://github.com/DotNetAnalyzers/StyleCopAnalyzers/blob/master/documentation/SA1028.md) [C:\Users\nicol\Documents\GitHub\Reactor\Reactor\Reactor.csproj]
C:\Users\nicol\Documents\GitHub\Reactor\Reactor\Utilities\UI\ReactorPopup.cs(19,68): warning IDE0055: Corrigir a formatação (https://learn.microsoft.com/dotnet/fundamentals/code-analysis/style-rules/ide0055) [C:\Users\nicol\Documents\GitHub\Reactor\Reactor\Reactor.csproj]
C:\Users\nicol\Documents\GitHub\Reactor\Reactor\Utilities\UI\ReactorPopup.cs(38,6): warning IDE0055: Corrigir a formatação (https://learn.microsoft.com/dotnet/fundamentals/code-analysis/style-rules/ide0055) [C:\Users\nicol\Documents\GitHub\Reactor\Reactor\Reactor.csproj]
C:\Users\nicol\Documents\GitHub\Reactor\Reactor\Utilities\UI\ReactorPopup.cs(20,1): warning SA1507: Code should not contain multiple blank lines in a row (https://github.com/DotNetAnalyzers/StyleCopAnalyzers/blob/master/documentation/SA1507.md) [C:\Users\nicol\Documents\GitHub\Reactor\Reactor\Reactor.csproj]
C:\Users\nicol\Documents\GitHub\Reactor\Reactor\Utilities\UI\ReactorPopup.cs(39,1): warning SA1507: Code should not contain multiple blank lines in a row (https://github.com/DotNetAnalyzers/StyleCopAnalyzers/blob/master/documentation/SA1507.md) [C:\Users\nicol\Documents\GitHub\Reactor\Reactor\Reactor.csproj]
C:\Users\nicol\Documents\GitHub\Reactor\Reactor\Utilities\UI\ReactorPopup.cs(21,1): warning SA1028: Code should not contain trailing whitespace (https://github.com/DotNetAnalyzers/StyleCopAnalyzers/blob/master/documentation/SA1028.md) [C:\Users\nicol\Documents\GitHub\Reactor\Reactor\Reactor.csproj]
C:\Users\nicol\Documents\GitHub\Reactor\Reactor\Utilities\UI\ReactorPopup.cs(40,1): warning SA1028: Code should not contain trailing whitespace (https://github.com/DotNetAnalyzers/StyleCopAnalyzers/blob/master/documentation/SA1028.md) [C:\Users\nicol\Documents\GitHub\Reactor\Reactor\Reactor.csproj]
C:\Users\nicol\Documents\GitHub\Reactor\Reactor\Patches\ReactorVersionShower.cs(35,100): error CS0029: Não é possível converter implicitamente tipo "System.Action<float, int, int, bool>" em "ResolutionManager.ResolutionChangedHandler" [C:\Users\nicol\Documents\GitHub\Reactor\Reactor\Reactor.csproj]
C:\Users\nicol\Documents\GitHub\Reactor\Reactor\Patches\Fixes\ServerInfoFixesPatch.cs(17,9): error CS0103: O nome "Info" não existe no contexto atual [C:\Users\nicol\Documents\GitHub\Reactor\Reactor\Reactor.csproj]
C:\Users\nicol\Documents\GitHub\Reactor\Reactor\Localization\Providers\HardCodedLocalizationProvider.cs(22,13): error CS0103: O nome "Warning" não existe no contexto atual [C:\Users\nicol\Documents\GitHub\Reactor\Reactor\Reactor.csproj]
C:\Users\nicol\Documents\GitHub\Reactor\Reactor\Networking\Patches\ReactorConnection.cs(49,13): error CS0103: O nome "Debug" não existe no contexto atual [C:\Users\nicol\Documents\GitHub\Reactor\Reactor\Reactor.csproj]
C:\Users\nicol\Documents\GitHub\Reactor\Reactor\Networking\Patches\ReactorConnection.cs(38,17): error CS0103: O nome "Debug" não existe no contexto atual [C:\Users\nicol\Documents\GitHub\Reactor\Reactor\Reactor.csproj]
C:\Users\nicol\Documents\GitHub\Reactor\Reactor\Networking\Extensions\ExtraMessageExtensions.cs(131,37): error CS1503: Argumento 1: não é possível converter de "byte[]" para "Hazel.SmartBuffer" [C:\Users\nicol\Documents\GitHub\Reactor\Reactor\Reactor.csproj]
C:\Users\nicol\Documents\GitHub\Reactor\Reactor\Networking\Extensions\ExtraMessageExtensions.cs(131,48): error CS1503: Argumento 3: não é possível converter de "System.Action" para "int" [C:\Users\nicol\Documents\GitHub\Reactor\Reactor\Reactor.csproj]
C:\Users\nicol\Documents\GitHub\Reactor\Reactor\Networking\Extensions\ExtraMessageExtensions.cs(132,43): error CS1503: Argumento 1: não é possível converter de "byte[]" para "Hazel.SmartBuffer" [C:\Users\nicol\Documents\GitHub\Reactor\Reactor\Reactor.csproj]
C:\Users\nicol\Documents\GitHub\Reactor\Reactor\Networking\Patches\ClientPatches.cs(351,13): error CS0103: O nome "Info" não existe no contexto atual [C:\Users\nicol\Documents\GitHub\Reactor\Reactor\Reactor.csproj]
C:\Users\nicol\Documents\GitHub\Reactor\Reactor\Patches\ReactorVersionShower.cs(42,22): error CS0571: "SceneManager.sceneLoaded.add": não é possível chamar explicitamente o operador ou acessador [C:\Users\nicol\Documents\GitHub\Reactor\Reactor\Reactor.csproj]
C:\Users\nicol\Documents\GitHub\Reactor\Reactor\Patches\ReactorVersionShower.cs(65,35): error CS0571: "ResolutionManager.ResolutionChanged.add": não é possível chamar explicitamente o operador ou acessador [C:\Users\nicol\Documents\GitHub\Reactor\Reactor\Reactor.csproj]
C:\Users\nicol\Documents\GitHub\Reactor\Reactor\Patches\ReactorVersionShower.cs(70,35): error CS0571: "ResolutionManager.ResolutionChanged.remove": não é possível chamar explicitamente o operador ou acessador [C:\Users\nicol\Documents\GitHub\Reactor\Reactor\Reactor.csproj]
C:\Users\nicol\Documents\GitHub\Reactor\Reactor\Patches\Miscellaneous\FreeNamePatch.cs(25,22): error CS0571: "SceneManager.sceneLoaded.add": não é possível chamar explicitamente o operador ou acessador [C:\Users\nicol\Documents\GitHub\Reactor\Reactor\Reactor.csproj]
C:\Users\nicol\Documents\GitHub\Reactor\Reactor\Patches\Miscellaneous\FreeNamePatch.cs(39,42): error CS1503: Argumento 1: não é possível converter de "System.Action" para "UnityEngine.Events.UnityAction" [C:\Users\nicol\Documents\GitHub\Reactor\Reactor\Reactor.csproj]
C:\Users\nicol\Documents\GitHub\Reactor\Reactor\Networking\Rpc\UnsafeCustomRpc.cs(111,13): error CS0103: O nome "Warning" não existe no contexto atual [C:\Users\nicol\Documents\GitHub\Reactor\Reactor\Reactor.csproj]
C:\Users\nicol\Documents\GitHub\Reactor\Reactor\Patches\Fixes\ServerInfoFixesPatch.cs(35,13): error CS0103: O nome "Info" não existe no contexto atual [C:\Users\nicol\Documents\GitHub\Reactor\Reactor\Reactor.csproj]
C:\Users\nicol\Documents\GitHub\Reactor\Reactor\Patches\Fixes\ServerInfoFixesPatch.cs(39,13): error CS0103: O nome "Info" não existe no contexto atual [C:\Users\nicol\Documents\GitHub\Reactor\Reactor\Reactor.csproj]
C:\Users\nicol\Documents\GitHub\Reactor\Reactor\Utilities\RegionInfoWatcher.cs(45,21): error CS0103: O nome "Info" não existe no contexto atual [C:\Users\nicol\Documents\GitHub\Reactor\Reactor\Reactor.csproj]
C:\Users\nicol\Documents\GitHub\Reactor\Reactor\Networking\Patches\HttpPatches.cs(41,27): error CS1061: ‘IRegionInfo’ não contém uma definição para "TryCast" e não foi possível encontrar nenhum método de extensão "TryCast" que aceite um primeiro argumento do tipo ‘IRegionInfo’ (você está se esquecendo de usar uma diretiva ou uma referência de assembly?) [C:\Users\nicol\Documents\GitHub\Reactor\Reactor\Reactor.csproj]
C:\Users\nicol\Documents\GitHub\Reactor\Reactor\Patches\ReactorVersionShower.cs(100,35): error CS0103: O nome "UnityChainloader" não existe no contexto atual [C:\Users\nicol\Documents\GitHub\Reactor\Reactor\Reactor.csproj]
C:\Users\nicol\Documents\GitHub\Reactor\Reactor\Utilities\RegionInfoWatcher.cs(80,17): error CS1955: O membro não invocável "Debug" não pode ser usado como um método. [C:\Users\nicol\Documents\GitHub\Reactor\Reactor\Reactor.csproj]
C:\Users\nicol\Documents\GitHub\Reactor\Reactor\Patches\Miscellaneous\DisableServerAuthorityPatch.cs(20,9): error CS0103: O nome "Debug" não existe no contexto atual [C:\Users\nicol\Documents\GitHub\Reactor\Reactor\Reactor.csproj]
C:\Users\nicol\Documents\GitHub\Reactor\Reactor\Utilities\DefaultBundle.cs(15,88): error CS0037: Não é possível converter o valor nulo em 'DefaultControls.Resources' porque ele não é um tipo de valor não anulável [C:\Users\nicol\Documents\GitHub\Reactor\Reactor\Reactor.csproj]
C:\Users\nicol\Documents\GitHub\Reactor\Reactor\Networking\Patches\HttpPatches.cs(115,17): error CS0103: O nome "Warning" não existe no contexto atual [C:\Users\nicol\Documents\GitHub\Reactor\Reactor\Reactor.csproj]
C:\Users\nicol\Documents\GitHub\Reactor\Reactor\Networking\Patches\HttpPatches.cs(121,37): error CS1503: Argumento 1: não é possível converter de "System.Action" para "UnityEngine.Events.UnityAction" [C:\Users\nicol\Documents\GitHub\Reactor\Reactor\Reactor.csproj]
C:\Users\nicol\Documents\GitHub\Reactor\Reactor\Networking\Patches\ClientPatches.cs(317,29): error CS0103: O nome "Info" não existe no contexto atual [C:\Users\nicol\Documents\GitHub\Reactor\Reactor\Reactor.csproj]
C:\Users\nicol\Documents\GitHub\Reactor\Reactor\Networking\Patches\ClientPatches.cs(322,29): error CS0103: O nome "Warning" não existe no contexto atual [C:\Users\nicol\Documents\GitHub\Reactor\Reactor\Reactor.csproj]
C:\Users\nicol\Documents\GitHub\Reactor\Reactor\Networking\Patches\ClientPatches.cs(336,17): error CS0103: O nome "Warning" não existe no contexto atual [C:\Users\nicol\Documents\GitHub\Reactor\Reactor\Reactor.csproj]
C:\Users\nicol\Documents\GitHub\Reactor\Reactor\Networking\Attributes\MessageConverterAttribute.cs(46,21): error CS0103: O nome "Warning" não existe no contexto atual [C:\Users\nicol\Documents\GitHub\Reactor\Reactor\Reactor.csproj]
C:\Users\nicol\Documents\GitHub\Reactor\Reactor\Networking\Patches\HttpPatches.cs(64,17): error CS1955: O membro não invocável "Debug" não pode ser usado como um método. [C:\Users\nicol\Documents\GitHub\Reactor\Reactor\Reactor.csproj]
C:\Users\nicol\Documents\GitHub\Reactor\Reactor\Networking\Patches\ClientPatches.cs(204,21): error CS1955: O membro não invocável "Debug" não pode ser usado como um método. [C:\Users\nicol\Documents\GitHub\Reactor\Reactor\Reactor.csproj]
C:\Users\nicol\Documents\GitHub\Reactor\Reactor\Networking\Patches\ClientPatches.cs(275,17): error CS1955: O membro não invocável "Debug" não pode ser usado como um método. [C:\Users\nicol\Documents\GitHub\Reactor\Reactor\Reactor.csproj]
C:\Users\nicol\Documents\GitHub\Reactor\Reactor\Utilities\ReactorCredits.cs(70,13): error CS0103: O nome "Error" não existe no contexto atual [C:\Users\nicol\Documents\GitHub\Reactor\Reactor\Reactor.csproj]
C:\Users\nicol\Documents\GitHub\Reactor\Reactor\Utilities\ReactorCredits.cs(76,13): error CS0103: O nome "Error" não existe no contexto atual [C:\Users\nicol\Documents\GitHub\Reactor\Reactor\Reactor.csproj]
C:\Users\nicol\Documents\GitHub\Reactor\Reactor\Utilities\ReactorCredits.cs(86,13): error CS0103: O nome "Info" não existe no contexto atual [C:\Users\nicol\Documents\GitHub\Reactor\Reactor\Reactor.csproj]
C:\Users\nicol\Documents\GitHub\Reactor\Reactor\Utilities\ReactorCredits.cs(90,13): error CS0103: O nome "Warning" não existe no contexto atual [C:\Users\nicol\Documents\GitHub\Reactor\Reactor\Reactor.csproj]
C:\Users\nicol\Documents\GitHub\Reactor\Reactor\Networking\Attributes\MethodRpcAttribute.cs(81,17): error CS0103: O nome "Warning" não existe no contexto atual [C:\Users\nicol\Documents\GitHub\Reactor\Reactor\Reactor.csproj]
C:\Users\nicol\Documents\GitHub\Reactor\Reactor\Networking\ModList.cs(131,9): error CS0103: O nome "Debug" não existe no contexto atual [C:\Users\nicol\Documents\GitHub\Reactor\Reactor\Reactor.csproj]
C:\Users\nicol\Documents\GitHub\Reactor\Reactor\Networking\Patches\ClientPatches.cs(248,21): error CS1955: O membro não invocável "Debug" não pode ser usado como um método. [C:\Users\nicol\Documents\GitHub\Reactor\Reactor\Reactor.csproj]
C:\Users\nicol\Documents\GitHub\Reactor\Reactor\Networking\Patches\ClientPatches.cs(252,21): error CS1955: O membro não invocável "Debug" não pode ser usado como um método. [C:\Users\nicol\Documents\GitHub\Reactor\Reactor\Reactor.csproj]
C:\Users\nicol\Documents\GitHub\Reactor\Reactor\Utilities\ReactorCredits.cs(103,26): error CS0103: O nome "UnityChainloader" não existe no contexto atual [C:\Users\nicol\Documents\GitHub\Reactor\Reactor\Reactor.csproj]
C:\Users\nicol\Documents\GitHub\Reactor\Reactor\Networking\Rpc\CustomRpcManager.cs(38,14): error CS1061: ‘Dictionary<Type, Dictionary<Mod, Dictionary<uint, UnsafeCustomRpc>>>’ não contém uma definição para "GetOrCreate" e não foi possível encontrar nenhum método de extensão "GetOrCreate" que aceite um primeiro argumento do tipo ‘Dictionary<Type, Dictionary<Mod, Dictionary<uint, UnsafeCustomRpc>>>’ (você está se esquecendo de usar uma diretiva ou uma referência de assembly?) [C:\Users\nicol\Documents\GitHub\Reactor\Reactor\Reactor.csproj]
C:\Users\nicol\Documents\GitHub\Reactor\Reactor\Networking\Patches\HttpPatches.cs(86,25): error CS1955: O membro não invocável "Debug" não pode ser usado como um método. [C:\Users\nicol\Documents\GitHub\Reactor\Reactor\Reactor.csproj]
C:\Users\nicol\Documents\GitHub\Reactor\Reactor\Networking\Patches\HttpPatches.cs(90,25): error CS0103: O nome "Warning" não existe no contexto atual [C:\Users\nicol\Documents\GitHub\Reactor\Reactor\Reactor.csproj]
C:\Users\nicol\Documents\GitHub\Reactor\Reactor\Networking\Patches\HttpPatches.cs(93,36): error CS1061: ‘UnityWebRequest’ não contém uma definição para "GetMethod" e não foi possível encontrar nenhum método de extensão "GetMethod" que aceite um primeiro argumento do tipo ‘UnityWebRequest’ (você está se esquecendo de usar uma diretiva ou uma referência de assembly?) [C:\Users\nicol\Documents\GitHub\Reactor\Reactor\Reactor.csproj]
C:\Users\nicol\Documents\GitHub\Reactor\Reactor\Networking\Patches\HttpPatches.cs(93,67): error CS0122: "UnityWebRequest.UnityWebRequestMethod" é inacessível devido ao seu nível de proteção [C:\Users\nicol\Documents\GitHub\Reactor\Reactor\Reactor.csproj]
C:\Users\nicol\Documents\GitHub\Reactor\Reactor\Networking\Patches\HttpPatches.cs(101,39): error CS1929: "IRegionInfo" não contém uma definição para "Cast" e a melhor sobrecarga do método de extensão "Enumerable.Cast<StaticHttpRegionInfo>(IEnumerable)" requer um receptor do tipo "System.Collections.IEnumerable" [C:\Users\nicol\Documents\GitHub\Reactor\Reactor\Reactor.csproj]
C:\Users\nicol\Documents\GitHub\Reactor\Reactor\Networking\Patches\HttpPatches.cs(78,26): error CS0571: "AsyncOperation.completed.add": não é possível chamar explicitamente o operador ou acessador [C:\Users\nicol\Documents\GitHub\Reactor\Reactor\Reactor.csproj]
C:\Users\nicol\Documents\GitHub\Reactor\Reactor\Utilities\ImGui\Window.cs(79,47): error CS1503: Argumento 3: não é possível converter de "System.Action<int>" para "UnityEngine.GUI.WindowFunction" [C:\Users\nicol\Documents\GitHub\Reactor\Reactor\Reactor.csproj]
C:\Users\nicol\Documents\GitHub\Reactor\Reactor\Utilities\ImGui\Window.cs(79,60): error CS1503: Argumento 5: não é possível converter de "UnityEngine.GUILayoutOption" para "params UnityEngine.GUILayoutOption[]" [C:\Users\nicol\Documents\GitHub\Reactor\Reactor\Reactor.csproj]
C:\Users\nicol\Documents\GitHub\Reactor\Reactor\Utilities\Extensions\SceneManagerExtensions.cs(24,26): error CS0571: "SceneManager.sceneLoaded.remove": não é possível chamar explicitamente o operador ou acessador [C:\Users\nicol\Documents\GitHub\Reactor\Reactor\Reactor.csproj]
C:\Users\nicol\Documents\GitHub\Reactor\Reactor\Utilities\Extensions\SceneManagerExtensions.cs(28,22): error CS0571: "SceneManager.sceneLoaded.add": não é possível chamar explicitamente o operador ou acessador [C:\Users\nicol\Documents\GitHub\Reactor\Reactor\Reactor.csproj]
C:\Users\nicol\Documents\GitHub\Reactor\Reactor\Utilities\Il2CppStateMachineWrapper.cs(89,13): error CS0103: O nome "Error" não existe no contexto atual [C:\Users\nicol\Documents\GitHub\Reactor\Reactor\Reactor.csproj]
C:\Users\nicol\Documents\GitHub\Reactor\Reactor\Utilities\Il2CppStateMachineWrapper.cs(96,13): error CS0103: O nome "Error" não existe no contexto atual [C:\Users\nicol\Documents\GitHub\Reactor\Reactor\Reactor.csproj]
C:\Users\nicol\Documents\GitHub\Reactor\Reactor\Utilities\Il2CppStateMachineWrapper.cs(100,9): error CS0103: O nome "Info" não existe no contexto atual [C:\Users\nicol\Documents\GitHub\Reactor\Reactor\Reactor.csproj]
C:\Users\nicol\Documents\GitHub\Reactor\Reactor\Networking\Patches\ClientPatches.cs(57,25): error CS1955: O membro não invocável "Debug" não pode ser usado como um método. [C:\Users\nicol\Documents\GitHub\Reactor\Reactor\Reactor.csproj]
C:\Users\nicol\Documents\GitHub\Reactor\Reactor\Networking\Patches\ClientPatches.cs(92,29): error CS1955: O membro não invocável "Debug" não pode ser usado como um método. [C:\Users\nicol\Documents\GitHub\Reactor\Reactor\Reactor.csproj]
C:\Users\nicol\Documents\GitHub\Reactor\Reactor\Networking\Patches\ClientPatches.cs(117,37): error CS0103: O nome "Warning" não existe no contexto atual [C:\Users\nicol\Documents\GitHub\Reactor\Reactor\Reactor.csproj]
    25 Aviso(s)
    58 Erro(s)

Tempo Decorrido 00:00:02.70
